Archive member included to satisfy reference by file (symbol)

c:/siliconlabs/simplicitystudio/v5_2/developer/toolchains/gnu_arm/12.2.rel1_2023.7/bin/../lib/gcc/arm-none-eabi/12.2.1/thumb/v8-m.main+fp/hard\libgcc.a(_aeabi_ldivmod.o)
                              ./simplicity_sdk_2024.6.2/platform/emlib/src/em_usart.o (__aeabi_ldivmod)
c:/siliconlabs/simplicitystudio/v5_2/developer/toolchains/gnu_arm/12.2.rel1_2023.7/bin/../lib/gcc/arm-none-eabi/12.2.1/thumb/v8-m.main+fp/hard\libgcc.a(_aeabi_uldivmod.o)
                              ./simplicity_sdk_2024.6.2/platform/emlib/src/em_usart.o (__aeabi_uldivmod)
c:/siliconlabs/simplicitystudio/v5_2/developer/toolchains/gnu_arm/12.2.rel1_2023.7/bin/../lib/gcc/arm-none-eabi/12.2.1/thumb/v8-m.main+fp/hard\libgcc.a(_udivmoddi4.o)
                              c:/siliconlabs/simplicitystudio/v5_2/developer/toolchains/gnu_arm/12.2.rel1_2023.7/bin/../lib/gcc/arm-none-eabi/12.2.1/thumb/v8-m.main+fp/hard\libgcc.a(_aeabi_ldivmod.o) (__udivmoddi4)
c:/siliconlabs/simplicitystudio/v5_2/developer/toolchains/gnu_arm/12.2.rel1_2023.7/bin/../lib/gcc/arm-none-eabi/12.2.1/thumb/v8-m.main+fp/hard\libgcc.a(_dvmd_tls.o)
                              c:/siliconlabs/simplicitystudio/v5_2/developer/toolchains/gnu_arm/12.2.rel1_2023.7/bin/../lib/gcc/arm-none-eabi/12.2.1/thumb/v8-m.main+fp/hard\libgcc.a(_aeabi_ldivmod.o) (__aeabi_ldiv0)
c:/siliconlabs/simplicitystudio/v5_2/developer/toolchains/gnu_arm/12.2.rel1_2023.7/bin/../lib/gcc/arm-none-eabi/12.2.1/thumb/v8-m.main+fp/hard\libc_nano.a(libc_a-exit.o)
                              c:/siliconlabs/simplicitystudio/v5_2/developer/toolchains/gnu_arm/12.2.rel1_2023.7/bin/../lib/gcc/arm-none-eabi/12.2.1/thumb/v8-m.main+fp/hard/crt0.o (exit)
c:/siliconlabs/simplicitystudio/v5_2/developer/toolchains/gnu_arm/12.2.rel1_2023.7/bin/../lib/gcc/arm-none-eabi/12.2.1/thumb/v8-m.main+fp/hard\libc_nano.a(libc_a-findfp.o)
                              c:/siliconlabs/simplicitystudio/v5_2/developer/toolchains/gnu_arm/12.2.rel1_2023.7/bin/../lib/gcc/arm-none-eabi/12.2.1/thumb/v8-m.main+fp/hard\libc_nano.a(libc_a-exit.o) (__stdio_exit_handler)
c:/siliconlabs/simplicitystudio/v5_2/developer/toolchains/gnu_arm/12.2.rel1_2023.7/bin/../lib/gcc/arm-none-eabi/12.2.1/thumb/v8-m.main+fp/hard\libc_nano.a(libc_a-fwalk.o)
                              c:/siliconlabs/simplicitystudio/v5_2/developer/toolchains/gnu_arm/12.2.rel1_2023.7/bin/../lib/gcc/arm-none-eabi/12.2.1/thumb/v8-m.main+fp/hard\libc_nano.a(libc_a-findfp.o) (_fwalk_sglue)
c:/siliconlabs/simplicitystudio/v5_2/developer/toolchains/gnu_arm/12.2.rel1_2023.7/bin/../lib/gcc/arm-none-eabi/12.2.1/thumb/v8-m.main+fp/hard\libc_nano.a(libc_a-snprintf.o)
                              ./main.o (snprintf)
c:/siliconlabs/simplicitystudio/v5_2/developer/toolchains/gnu_arm/12.2.rel1_2023.7/bin/../lib/gcc/arm-none-eabi/12.2.1/thumb/v8-m.main+fp/hard\libc_nano.a(libc_a-stdio.o)
                              c:/siliconlabs/simplicitystudio/v5_2/developer/toolchains/gnu_arm/12.2.rel1_2023.7/bin/../lib/gcc/arm-none-eabi/12.2.1/thumb/v8-m.main+fp/hard\libc_nano.a(libc_a-findfp.o) (__sread)
c:/siliconlabs/simplicitystudio/v5_2/developer/toolchains/gnu_arm/12.2.rel1_2023.7/bin/../lib/gcc/arm-none-eabi/12.2.1/thumb/v8-m.main+fp/hard\libc_nano.a(libc_a-memset.o)
                              c:/siliconlabs/simplicitystudio/v5_2/developer/toolchains/gnu_arm/12.2.rel1_2023.7/bin/../lib/gcc/arm-none-eabi/12.2.1/thumb/v8-m.main+fp/hard/crt0.o (memset)
c:/siliconlabs/simplicitystudio/v5_2/developer/toolchains/gnu_arm/12.2.rel1_2023.7/bin/../lib/gcc/arm-none-eabi/12.2.1/thumb/v8-m.main+fp/hard\libc_nano.a(libc_a-closer.o)
                              c:/siliconlabs/simplicitystudio/v5_2/developer/toolchains/gnu_arm/12.2.rel1_2023.7/bin/../lib/gcc/arm-none-eabi/12.2.1/thumb/v8-m.main+fp/hard\libc_nano.a(libc_a-stdio.o) (_close_r)
c:/siliconlabs/simplicitystudio/v5_2/developer/toolchains/gnu_arm/12.2.rel1_2023.7/bin/../lib/gcc/arm-none-eabi/12.2.1/thumb/v8-m.main+fp/hard\libc_nano.a(libc_a-reent.o)
                              c:/siliconlabs/simplicitystudio/v5_2/developer/toolchains/gnu_arm/12.2.rel1_2023.7/bin/../lib/gcc/arm-none-eabi/12.2.1/thumb/v8-m.main+fp/hard\libc_nano.a(libc_a-closer.o) (errno)
c:/siliconlabs/simplicitystudio/v5_2/developer/toolchains/gnu_arm/12.2.rel1_2023.7/bin/../lib/gcc/arm-none-eabi/12.2.1/thumb/v8-m.main+fp/hard\libc_nano.a(libc_a-impure.o)
                              c:/siliconlabs/simplicitystudio/v5_2/developer/toolchains/gnu_arm/12.2.rel1_2023.7/bin/../lib/gcc/arm-none-eabi/12.2.1/thumb/v8-m.main+fp/hard\libc_nano.a(libc_a-snprintf.o) (_impure_ptr)
c:/siliconlabs/simplicitystudio/v5_2/developer/toolchains/gnu_arm/12.2.rel1_2023.7/bin/../lib/gcc/arm-none-eabi/12.2.1/thumb/v8-m.main+fp/hard\libc_nano.a(libc_a-lseekr.o)
[...]
Memory Configuration

Name             Origin             Length             Attributes
FLASH            0x00000000         0x000fe000         xr
RAM              0x20000000         0x00018000         xrw
*default*        0x00000000         0xffffffff

Linker script and memory map

LOAD c:/siliconlabs/simplicitystudio/v5_2/developer/toolchains/gnu_arm/12.2.rel1_2023.7/bin/../lib/gcc/arm-none-eabi/12.2.1/thumb/v8-m.main+fp/hard/crti.o
LOAD c:/siliconlabs/simplicitystudio/v5_2/developer/toolchains/gnu_arm/12.2.rel1_2023.7/bin/../lib/gcc/arm-none-eabi/12.2.1/thumb/v8-m.main+fp/hard/crtbegin.o
LOAD c:/siliconlabs/simplicitystudio/v5_2/developer/toolchains/gnu_arm/12.2.rel1_2023.7/bin/../lib/gcc/arm-none-eabi/12.2.1/thumb/v8-m.main+fp/hard/crt0.o
START GROUP
LOAD ./app.o
LOAD ./main.o
LOAD ./autogen/sl_board_default_init.o
LOAD ./autogen/sl_event_handler.o
LOAD ./simplicity_sdk_2024.6.2/hardware/board/src/sl_board_control_gpio.o
LOAD ./simplicity_sdk_2024.6.2/hardware/board/src/sl_board_init.o
LOAD ./simplicity_sdk_2024.6.2/hardware/driver/configuration_over_swo/src/sl_cos.o
LOAD ./simplicity_sdk_2024.6.2/platform/Device/SiliconLabs/EFR32MG21/Source/startup_efr32mg21.o
LOAD ./simplicity_sdk_2024.6.2/platform/Device/SiliconLabs/EFR32MG21/Source/system_efr32mg21.o
LOAD ./simplicity_sdk_2024.6.2/platform/common/src/sl_assert.o
LOAD ./simplicity_sdk_2024.6.2/platform/common/src/sl_core_cortexm.o
LOAD ./simplicity_sdk_2024.6.2/platform/common/src/sl_syscalls.o
LOAD ./simplicity_sdk_2024.6.2/platform/driver/debug/src/sl_debug_swo.o
LOAD ./simplicity_sdk_2024.6.2/platform/emlib/src/em_cmu.o
LOAD ./simplicity_sdk_2024.6.2/platform/emlib/src/em_core.o
LOAD ./simplicity_sdk_2024.6.2/platform/emlib/src/em_emu.o
LOAD ./simplicity_sdk_2024.6.2/platform/emlib/src/em_gpio.o
LOAD ./simplicity_sdk_2024.6.2/platform/emlib/src/em_ldma.o
LOAD ./simplicity_sdk_2024.6.2/platform/emlib/src/em_msc.o
LOAD ./simplicity_sdk_2024.6.2/platform/emlib/src/em_system.o
LOAD ./simplicity_sdk_2024.6.2/platform/emlib/src/em_timer.o
LOAD ./simplicity_sdk_2024.6.2/platform/emlib/src/em_usart.o
LOAD ./simplicity_sdk_2024.6.2/platform/service/clock_manager/src/sl_clock_manager.o
LOAD ./simplicity_sdk_2024.6.2/platform/service/clock_manager/src/sl_clock_manager_hal_s2.o
LOAD ./simplicity_sdk_2024.6.2/platform/service/clock_manager/src/sl_clock_manager_init.o
LOAD ./simplicity_sdk_2024.6.2/platform/service/clock_manager/src/sl_clock_manager_init_hal_s2.o
LOAD ./simplicity_sdk_2024.6.2/platform/service/device_init/src/sl_device_init_emu_s2.o
LOAD ./simplicity_sdk_2024.6.2/platform/service/device_manager/src/sl_device_clock.o
LOAD ./simplicity_sdk_2024.6.2/platform/service/interrupt_manager/src/sl_interrupt_manager_cortexm.o
LOAD ./simplicity_sdk_2024.6.2/platform/service/memory_manager/src/sl_memory_manager_region.o
LOAD ./simplicity_sdk_2024.6.2/platform/service/system/src/sl_system_init.o
LOAD ./simplicity_sdk_2024.6.2/platform/service/system/src/sl_system_process_action.o
LOAD c:/siliconlabs/simplicitystudio/v5_2/developer/toolchains/gnu_arm/12.2.rel1_2023.7/bin/../lib/gcc/arm-none-eabi/12.2.1/thumb/v8-m.main+fp/hard\libgcc.a
LOAD c:/siliconlabs/simplicitystudio/v5_2/developer/toolchains/gnu_arm/12.2.rel1_2023.7/bin/../lib/gcc/arm-none-eabi/12.2.1/thumb/v8-m.main+fp/hard\libnosys.a
END GROUP
START GROUP
LOAD c:/siliconlabs/simplicitystudio/v5_2/developer/toolchains/gnu_arm/12.2.rel1_2023.7/bin/../lib/gcc/arm-none-eabi/12.2.1/thumb/v8-m.main+fp/hard\libgcc.a
LOAD c:/siliconlabs/simplicitystudio/v5_2/developer/toolchains/gnu_arm/12.2.rel1_2023.7/bin/../lib/gcc/arm-none-eabi/12.2.1/thumb/v8-m.main+fp/hard\libc_nano.a
LOAD c:/siliconlabs/simplicitystudio/v5_2/developer/toolchains/gnu_arm/12.2.rel1_2023.7/bin/../lib/gcc/arm-none-eabi/12.2.1/thumb/v8-m.main+fp/hard\libnosys.a
END GROUP
LOAD c:/siliconlabs/simplicitystudio/v5_2/developer/toolchains/gnu_arm/12.2.rel1_2023.7/bin/../lib/gcc/arm-none-eabi/12.2.1/thumb/v8-m.main+fp/hard\libstdc++_nano.a
LOAD c:/siliconlabs/simplicitystudio/v5_2/developer/toolchains/gnu_arm/12.2.rel1_2023.7/bin/../lib/gcc/arm-none-eabi/12.2.1/thumb/v8-m.main+fp/hard\libm.a
LOAD c:/siliconlabs/simplicitystudio/v5_2/developer/toolchains/gnu_arm/12.2.rel1_2023.7/bin/../lib/gcc/arm-none-eabi/12.2.1/thumb/v8-m.main+fp/hard\libc_nano.a
START GROUP
LOAD c:/siliconlabs/simplicitystudio/v5_2/developer/toolchains/gnu_arm/12.2.rel1_2023.7/bin/../lib/gcc/arm-none-eabi/12.2.1/thumb/v8-m.main+fp/hard\libgcc.a
LOAD c:/siliconlabs/simplicitystudio/v5_2/developer/toolchains/gnu_arm/12.2.rel1_2023.7/bin/../lib/gcc/arm-none-eabi/12.2.1/thumb/v8-m.main+fp/hard\libg_nano.a
LOAD c:/siliconlabs/simplicitystudio/v5_2/developer/toolchains/gnu_arm/12.2.rel1_2023.7/bin/../lib/gcc/arm-none-eabi/12.2.1/thumb/v8-m.main+fp/hard\libc_nano.a
END GROUP
START GROUP
LOAD c:/siliconlabs/simplicitystudio/v5_2/developer/toolchains/gnu_arm/12.2.rel1_2023.7/bin/../lib/gcc/arm-none-eabi/12.2.1/thumb/v8-m.main+fp/hard\libgcc.a
LOAD c:/siliconlabs/simplicitystudio/v5_2/developer/toolchains/gnu_arm/12.2.rel1_2023.7/bin/../lib/gcc/arm-none-eabi/12.2.1/thumb/v8-m.main+fp/hard\libc_nano.a
LOAD c:/siliconlabs/simplicitystudio/v5_2/developer/toolchains/gnu_arm/12.2.rel1_2023.7/bin/../lib/gcc/arm-none-eabi/12.2.1/thumb/v8-m.main+fp/hard\libnosys.a
END GROUP
START GROUP
LOAD c:/siliconlabs/simplicitystudio/v5_2/developer/toolchains/gnu_arm/12.2.rel1_2023.7/bin/../lib/gcc/arm-none-eabi/12.2.1/thumb/v8-m.main+fp/hard\libgcc.a
LOAD c:/siliconlabs/simplicitystudio/v5_2/developer/toolchains/gnu_arm/12.2.rel1_2023.7/bin/../lib/gcc/arm-none-eabi/12.2.1/thumb/v8-m.main+fp/hard\libc_nano.a
LOAD c:/siliconlabs/simplicitystudio/v5_2/developer/toolchains/gnu_arm/12.2.rel1_2023.7/bin/../lib/gcc/arm-none-eabi/12.2.1/thumb/v8-m.main+fp/hard\libnosys.a
END GROUP
LOAD c:/siliconlabs/simplicitystudio/v5_2/developer/toolchains/gnu_arm/12.2.rel1_2023.7/bin/../lib/gcc/arm-none-eabi/12.2.1/thumb/v8-m.main+fp/hard/crtend.o
LOAD c:/siliconlabs/simplicitystudio/v5_2/developer/toolchains/gnu_arm/12.2.rel1_2023.7/bin/../lib/gcc/arm-none-eabi/12.2.1/thumb/v8-m.main+fp/hard/crtn.o

.vectors        0x00000000      0x134
                0x00000000                linker_vectors_begin = .
 *(.vectors)
 .vectors       0x00000000      0x134 ./simplicity_sdk_2024.6.2/platform/Device/SiliconLabs/EFR32MG21/Source/startup_efr32mg21.o
                0x00000000                __Vectors
                0x00000134                linker_vectors_end = .
                0x00000134                __Vectors_End = .
                0x00000134                __Vectors_Size = (__Vectors_End - __Vectors)
                0x00000134                __lma_ramfuncs_start__ = .

.stack          0x20000000     0x1000
                0x20000000                . = ALIGN (0x8)
                0x20000000                __StackLimit = .
 *(.stack*)
 .stack         0x20000000     0x1000 ./simplicity_sdk_2024.6.2/platform/service/memory_manager/src/sl_memory_manager_region.o
                0x20001000                . = ALIGN (0x4)
                0x20001000                __StackTop = .
                0x20001000                PROVIDE (__stack = __StackTop)

.noinit
 *(.noinit*)

.bss            0x20001000      0x238
                0x20001000                . = ALIGN (0x4)
                0x20001000                __bss_start__ = .
 *(SORT_BY_ALIGNMENT(.bss*))
 .bss.object.0  0x20001000       0x18 c:/siliconlabs/simplicitystudio/v5_2/developer/toolchains/gnu_arm/12.2.rel1_2023.7/bin/../lib/gcc/arm-none-eabi/12.2.1/thumb/v8-m.main+fp/hard/crtbegin.o
 .bss.rx_len    0x20001018        0x4 ./main.o
                0x20001018                rx_len
 .bss.ldmaRXConfig
                0x2000101c       0x10 ./main.o
                0x2000101c                ldmaRXConfig
 .bss.ldmaRXDescriptor
                0x2000102c       0x10 ./main.o
                0x2000102c                ldmaRXDescriptor
 .bss.ldmaTXConfig
                0x2000103c       0x10 ./main.o
                0x2000103c                ldmaTXConfig
 .bss.ldmaTXDescriptor
                0x2000104c       0x10 ./main.o
                0x2000104c                ldmaTXDescriptor
 .bss.__sf      0x2000105c      0x138 c:/siliconlabs/simplicitystudio/v5_2/developer/toolchains/gnu_arm/12.2.rel1_2023.7/bin/../lib/gcc/arm-none-eabi/12.2.1/thumb/v8-m.main+fp/hard\libc_nano.a(libc_a-findfp.o)
                0x2000105c                __sf
 .bss.__stdio_exit_handler
                0x20001194        0x4 c:/siliconlabs/simplicitystudio/v5_2/developer/toolchains/gnu_arm/12.2.rel1_2023.7/bin/../lib/gcc/arm-none-eabi/12.2.1/thumb/v8-m.main+fp/hard\libc_nano.a(libc_a-findfp.o)
                0x20001194                __stdio_exit_handler
 .bss.errno     0x20001198        0x4 c:/siliconlabs/simplicitystudio/v5_2/developer/toolchains/gnu_arm/12.2.rel1_2023.7/bin/../lib/gcc/arm-none-eabi/12.2.1/thumb/v8-m.main+fp/hard\libc_nano.a(libc_a-reent.o)
                0x20001198                errno
 .bss.__malloc_sbrk_start
                0x2000119c        0x4 c:/siliconlabs/simplicitystudio/v5_2/developer/toolchains/gnu_arm/12.2.rel1_2023.7/bin/../lib/gcc/arm-none-eabi/12.2.1/thumb/v8-m.main+fp/hard\libc_nano.a(libc_a-mallocr.o)
                0x2000119c                __malloc_sbrk_start
 .bss.__malloc_free_list
                0x200011a0        0x4 c:/siliconlabs/simplicitystudio/v5_2/developer/toolchains/gnu_arm/12.2.rel1_2023.7/bin/../lib/gcc/arm-none-eabi/12.2.1/thumb/v8-m.main+fp/hard\libc_nano.a(libc_a-mallocr.o)
                0x200011a0                __malloc_free_list
 .bss.completed.1
                0x200011a4        0x1 c:/siliconlabs/simplicitystudio/v5_2/developer/toolchains/gnu_arm/12.2.rel1_2023.7/bin/../lib/gcc/arm-none-eabi/12.2.1/thumb/v8-m.main+fp/hard/crtbegin.o
 .bss.rx_buffer
                0x200011a5       0x80 ./main.o
                0x200011a5                rx_buffer
 .bss.rx_done   0x20001225        0x1 ./main.o
                0x20001225                rx_done
 .bss.inbuf     0x20001226        0x8 ./main.o
                0x20001226                inbuf
 .bss.outbuf    0x2000122e        0x8 ./main.o
                0x2000122e                outbuf
 .bss.ctuneDelta
                0x20001236        0x1 ./simplicity_sdk_2024.6.2/platform/emlib/src/em_cmu.o
 .bss.__lock___malloc_recursive_mutex
                0x20001237        0x1 c:/siliconlabs/simplicitystudio/v5_2/developer/toolchains/gnu_arm/12.2.rel1_2023.7/bin/../lib/gcc/arm-none-eabi/12.2.1/thumb/v8-m.main+fp/hard\libc_nano.a(libc_a-lock.o)
                0x20001237                __lock___malloc_recursive_mutex
 *(COMMON)
                0x20001238                . = ALIGN (0x4)
                0x20001238                __bss_end__ = .

text_application_ram
                0x20001238        0x0 load address 0x00000134
                0x20001238                . = ALIGN (0x4)
                0x20001238                __vma_ramfuncs_start__ = .
                0x20001238                __text_application_ram_start__ = .
 *(text_application_ram)
                0x20001238                . = ALIGN (0x4)
                0x20001238                __vma_ramfuncs_end__ = .
                0x20001238                __text_application_ram_end__ = .

.rodata         0x00000134        0x0
                0x00000134                __lma_ramfuncs_end__ = .
                0x00000134                __rodata_start__ = .
                0x00000134                __rodata_end__ = .

.text           0x00000134     0x2968
                0x00000134                linker_code_begin = .
 *(SORT_BY_ALIGNMENT(.text*))
 .text.deregister_tm_clones
                0x00000134       0x1c c:/siliconlabs/simplicitystudio/v5_2/developer/toolchains/gnu_arm/12.2.rel1_2023.7/bin/../lib/gcc/arm-none-eabi/12.2.1/thumb/v8-m.main+fp/hard/crtbegin.o
 .text.register_tm_clones
                0x00000150       0x28 c:/siliconlabs/simplicitystudio/v5_2/developer/toolchains/gnu_arm/12.2.rel1_2023.7/bin/../lib/gcc/arm-none-eabi/12.2.1/thumb/v8-m.main+fp/hard/crtbegin.o
 .text.__do_global_dtors_aux
                0x00000178       0x28 c:/siliconlabs/simplicitystudio/v5_2/developer/toolchains/gnu_arm/12.2.rel1_2023.7/bin/../lib/gcc/arm-none-eabi/12.2.1/thumb/v8-m.main+fp/hard/crtbegin.o
 .text.frame_dummy
                0x000001a0       0x24 c:/siliconlabs/simplicitystudio/v5_2/developer/toolchains/gnu_arm/12.2.rel1_2023.7/bin/../lib/gcc/arm-none-eabi/12.2.1/thumb/v8-m.main+fp/hard/crtbegin.o
 .text          0x000001c4       0x7c c:/siliconlabs/simplicitystudio/v5_2/developer/toolchains/gnu_arm/12.2.rel1_2023.7/bin/../lib/gcc/arm-none-eabi/12.2.1/thumb/v8-m.main+fp/hard/crt0.o
                0x000001c4                _stack_init
                0x000001cc                _start
                0x000001cc                _mainCRTStartup
 .text.initUSART0
                0x00000240       0x44 ./main.o
                0x00000240                initUSART0
 .text.initLDMA
                0x00000284       0x90 ./main.o
                0x00000284                initLDMA
 .text.LDMA_IRQHandler
                0x00000314       0x2c ./main.o
                0x00000314                LDMA_IRQHandler
 .text.find_max_char
                0x00000340       0x70 ./main.o
                0x00000340                find_max_char
 .text.startup.main
                0x000003b0       0xa8 ./main.o
                0x000003b0                main
 .text.sl_platform_init
                0x00000458       0xa8 ./autogen/sl_event_handler.o
                0x00000458                sl_platform_init
 .text.sl_board_init
                0x00000500       0x14 ./simplicity_sdk_2024.6.2/hardware/board/src/sl_board_init.o
                0x00000500                sl_board_init
 .text.sl_board_preinit
                0x00000514        0xc ./simplicity_sdk_2024.6.2/hardware/board/src/sl_board_init.o
                0x00000514                sl_board_preinit
 .text.CopyToRam
                0x00000520       0x1c ./simplicity_sdk_2024.6.2/platform/Device/SiliconLabs/EFR32MG21/Source/startup_efr32mg21.o
                0x00000520                CopyToRam
 .text.Reset_Handler
                0x0000053c       0x64 ./simplicity_sdk_2024.6.2/platform/Device/SiliconLabs/EFR32MG21/Source/startup_efr32mg21.o
                0x0000053c                Reset_Handler
 .text.SystemInit
                0x000005a0       0x58 ./simplicity_sdk_2024.6.2/platform/Device/SiliconLabs/EFR32MG21/Source/system_efr32mg21.o
                0x000005a0                SystemInit
 .text.SystemHFRCODPLLClockGet
                0x000005f8        0xc ./simplicity_sdk_2024.6.2/platform/Device/SiliconLabs/EFR32MG21/Source/system_efr32mg21.o
                0x000005f8                SystemHFRCODPLLClockGet
 .text.SystemHFRCODPLLClockSet
                0x00000604        0xc ./simplicity_sdk_2024.6.2/platform/Device/SiliconLabs/EFR32MG21/Source/system_efr32mg21.o
                0x00000604                SystemHFRCODPLLClockSet
 .text.SystemSYSCLKGet
                0x00000610       0x34 ./simplicity_sdk_2024.6.2/platform/Device/SiliconLabs/EFR32MG21/Source/system_efr32mg21.o
                0x00000610                SystemSYSCLKGet
 .text.SystemHCLKGet
                0x00000644       0x24 ./simplicity_sdk_2024.6.2/platform/Device/SiliconLabs/EFR32MG21/Source/system_efr32mg21.o
                0x00000644                SystemHCLKGet
 .text.SystemMaxCoreClockGet
                0x00000668        0x8 ./simplicity_sdk_2024.6.2/platform/Device/SiliconLabs/EFR32MG21/Source/system_efr32mg21.o
                0x00000668                SystemMaxCoreClockGet
 .text.SystemHFXOClockGet
                0x00000670        0xc ./simplicity_sdk_2024.6.2/platform/Device/SiliconLabs/EFR32MG21/Source/system_efr32mg21.o
                0x00000670                SystemHFXOClockGet
 .text.SystemHFXOClockSet
                0x0000067c       0x20 ./simplicity_sdk_2024.6.2/platform/Device/SiliconLabs/EFR32MG21/Source/system_efr32mg21.o
                0x0000067c                SystemHFXOClockSet
 .text.SystemFSRCOClockGet
                0x0000069c        0x8 ./simplicity_sdk_2024.6.2/platform/Device/SiliconLabs/EFR32MG21/Source/system_efr32mg21.o
                0x0000069c                SystemFSRCOClockGet
 .text.SystemHFRCOEM23ClockGet
                0x000006a4       0x88 ./simplicity_sdk_2024.6.2/platform/Device/SiliconLabs/EFR32MG21/Source/system_efr32mg21.o
                0x000006a4                SystemHFRCOEM23ClockGet
 .text.SystemLFXOClockGet
                0x0000072c        0xc ./simplicity_sdk_2024.6.2/platform/Device/SiliconLabs/EFR32MG21/Source/system_efr32mg21.o
                0x0000072c                SystemLFXOClockGet
 .text.sl_debug_swo_init
                0x00000738       0xcc ./simplicity_sdk_2024.6.2/platform/driver/debug/src/sl_debug_swo.o
                0x00000738                sl_debug_swo_init
 .text.flashWaitStateControl
                0x00000804       0x60 ./simplicity_sdk_2024.6.2/platform/emlib/src/em_cmu.o
 .text.HFRCODPLLDevinfoGet
                0x00000864      0x108 ./simplicity_sdk_2024.6.2/platform/emlib/src/em_cmu.o
 .text.traceClkGet
                0x0000096c       0x48 ./simplicity_sdk_2024.6.2/platform/emlib/src/em_cmu.o
 .text.em01GrpaClkGet
                0x000009b4       0x64 ./simplicity_sdk_2024.6.2/platform/emlib/src/em_cmu.o
 .text.iadcClkGet
                0x00000a18       0x60 ./simplicity_sdk_2024.6.2/platform/emlib/src/em_cmu.o
 .text.em23GrpaClkGet
                0x00000a78       0x48 ./simplicity_sdk_2024.6.2/platform/emlib/src/em_cmu.o
 .text.em4GrpaClkGet
                0x00000ac0       0x48 ./simplicity_sdk_2024.6.2/platform/emlib/src/em_cmu.o
 .text.wdog0ClkGet
                0x00000b08       0x64 ./simplicity_sdk_2024.6.2/platform/emlib/src/em_cmu.o
 .text.wdog1ClkGet
                0x00000b6c       0x64 ./simplicity_sdk_2024.6.2/platform/emlib/src/em_cmu.o
 .text.rtccClkGet
                0x00000bd0       0x54 ./simplicity_sdk_2024.6.2/platform/emlib/src/em_cmu.o
 .text.dpllRefClkGet
                0x00000c24       0x48 ./simplicity_sdk_2024.6.2/platform/emlib/src/em_cmu.o
 .text.CMU_ClockDivGet
                0x00000c6c       0x50 ./simplicity_sdk_2024.6.2/platform/emlib/src/em_cmu.o
                0x00000c6c                CMU_ClockDivGet
 .text.CMU_ClockFreqGet
                0x00000cbc      0x104 ./simplicity_sdk_2024.6.2/platform/emlib/src/em_cmu.o
                0x00000cbc                CMU_ClockFreqGet
 .text.pclkDivOptimize
                0x00000dc0       0x20 ./simplicity_sdk_2024.6.2/platform/emlib/src/em_cmu.o
 .text.CMU_ClockDivSet
                0x00000de0       0xac ./simplicity_sdk_2024.6.2/platform/emlib/src/em_cmu.o
                0x00000de0                CMU_ClockDivSet
 .text.CMU_ClockSelectGet
                0x00000e8c       0xf8 ./simplicity_sdk_2024.6.2/platform/emlib/src/em_cmu.o
                0x00000e8c                CMU_ClockSelectGet
 .text.sli_em_cmu_SYSTICEXTCLKENClear
                0x00000f84       0x10 ./simplicity_sdk_2024.6.2/platform/emlib/src/em_cmu.o
                0x00000f84                sli_em_cmu_SYSTICEXTCLKENClear
 .text.CMU_HFRCODPLLBandSet
                0x00000f94       0xd0 ./simplicity_sdk_2024.6.2/platform/emlib/src/em_cmu.o
                0x00000f94                CMU_HFRCODPLLBandSet
 .text.CMU_HFXOInit
                0x00001064      0x1cc ./simplicity_sdk_2024.6.2/platform/emlib/src/em_cmu.o
                0x00001064                CMU_HFXOInit
 .text.CMU_HFXOCTuneDeltaGet
                0x00001230        0xc ./simplicity_sdk_2024.6.2/platform/emlib/src/em_cmu.o
                0x00001230                CMU_HFXOCTuneDeltaGet
 .text.CMU_LFXOInit
                0x0000123c       0xb8 ./simplicity_sdk_2024.6.2/platform/emlib/src/em_cmu.o
                0x0000123c                CMU_LFXOInit
 .text.CMU_LFXOPrecisionSet
                0x000012f4        0xc ./simplicity_sdk_2024.6.2/platform/emlib/src/em_cmu.o
                0x000012f4                CMU_LFXOPrecisionSet
 .text.CMU_HFXOPrecisionSet
                0x00001300        0xc ./simplicity_sdk_2024.6.2/platform/emlib/src/em_cmu.o
                0x00001300                CMU_HFXOPrecisionSet
 .text.CMU_HFRCOEM23BandSet
                0x0000130c      0x144 ./simplicity_sdk_2024.6.2/platform/emlib/src/em_cmu.o
                0x0000130c                CMU_HFRCOEM23BandSet
 .text.EMU_EM4Init
                0x00001450       0x14 ./simplicity_sdk_2024.6.2/platform/emlib/src/em_emu.o
                0x00001450                EMU_EM4Init
 .text.GPIO_PinOutSet
                0x00001464       0x40 ./simplicity_sdk_2024.6.2/platform/emlib/src/em_gpio.o
 .text.GPIO_PinOutClear
                0x000014a4       0x40 ./simplicity_sdk_2024.6.2/platform/emlib/src/em_gpio.o
 .text.GPIO_PinModeSet
                0x000014e4       0x90 ./simplicity_sdk_2024.6.2/platform/emlib/src/em_gpio.o
                0x000014e4                GPIO_PinModeSet
 .text.LDMA_Init
                0x00001574       0x80 ./simplicity_sdk_2024.6.2/platform/emlib/src/em_ldma.o
                0x00001574                LDMA_Init
 .text.SYSTEM_ChipRevisionGet
                0x000015f4       0x1c ./simplicity_sdk_2024.6.2/platform/emlib/src/em_system.o
                0x000015f4                SYSTEM_ChipRevisionGet
 .text.prsRxInput
                0x00001610       0x44 ./simplicity_sdk_2024.6.2/platform/emlib/src/em_usart.o
 .text.USART_BaudrateAsyncSet
                0x00001654       0xe0 ./simplicity_sdk_2024.6.2/platform/emlib/src/em_usart.o
                0x00001654                USART_BaudrateAsyncSet
 .text.USART_Reset
                0x00001734       0x80 ./simplicity_sdk_2024.6.2/platform/emlib/src/em_usart.o
                0x00001734                USART_Reset
 .text.USART_InitAsync
                0x000017b4      0x124 ./simplicity_sdk_2024.6.2/platform/emlib/src/em_usart.o
                0x000017b4                USART_InitAsync
 .text.sli_clock_manager_hal_init
                0x000018d8      0x1a4 ./simplicity_sdk_2024.6.2/platform/service/clock_manager/src/sl_clock_manager_init_hal_s2.o
                0x000018d8                sli_clock_manager_hal_init
 .text.sl_device_init_emu
                0x00001a7c       0x24 ./simplicity_sdk_2024.6.2/platform/service/device_init/src/sl_device_init_emu_s2.o
                0x00001a7c                sl_device_init_emu
 .text.sl_interrupt_manager_enable_irq
                0x00001aa0       0x34 ./simplicity_sdk_2024.6.2/platform/service/interrupt_manager/src/sl_interrupt_manager_cortexm.o
                0x00001aa0                sl_interrupt_manager_enable_irq
 .text.sl_interrupt_manager_clear_irq_pending
                0x00001ad4       0x1c ./simplicity_sdk_2024.6.2/platform/service/interrupt_manager/src/sl_interrupt_manager_cortexm.o
                0x00001ad4                sl_interrupt_manager_clear_irq_pending
 .text.sl_interrupt_manager_set_irq_priority
                0x00001af0       0x50 ./simplicity_sdk_2024.6.2/platform/service/interrupt_manager/src/sl_interrupt_manager_cortexm.o
                0x00001af0                sl_interrupt_manager_set_irq_priority
 .text._sbrk    0x00001b40       0x20 ./simplicity_sdk_2024.6.2/platform/service/memory_manager/src/sl_memory_manager_region.o
                0x00001b40                _sbrk
 .text.exit     0x00001b60       0x24 c:/siliconlabs/simplicitystudio/v5_2/developer/toolchains/gnu_arm/12.2.rel1_2023.7/bin/../lib/gcc/arm-none-eabi/12.2.1/thumb/v8-m.main+fp/hard\libc_nano.a(libc_a-exit.o)
                0x00001b60                exit
 .text.snprintf
                0x00001b84       0x68 c:/siliconlabs/simplicitystudio/v5_2/developer/toolchains/gnu_arm/12.2.rel1_2023.7/bin/../lib/gcc/arm-none-eabi/12.2.1/thumb/v8-m.main+fp/hard\libc_nano.a(libc_a-snprintf.o)
                0x00001b84                sniprintf
                0x00001b84                snprintf
 .text.__libc_init_array
                0x00001bec       0x48 c:/siliconlabs/simplicitystudio/v5_2/developer/toolchains/gnu_arm/12.2.rel1_2023.7/bin/../lib/gcc/arm-none-eabi/12.2.1/thumb/v8-m.main+fp/hard\libc_nano.a(libc_a-init.o)
                0x00001bec                __libc_init_array
 .text._free_r  0x00001c34       0x94 c:/siliconlabs/simplicitystudio/v5_2/developer/toolchains/gnu_arm/12.2.rel1_2023.7/bin/../lib/gcc/arm-none-eabi/12.2.1/thumb/v8-m.main+fp/hard\libc_nano.a(libc_a-freer.o)
                0x00001c34                _free_r
 .text.sbrk_aligned
                0x00001cc8       0x44 c:/siliconlabs/simplicitystudio/v5_2/developer/toolchains/gnu_arm/12.2.rel1_2023.7/bin/../lib/gcc/arm-none-eabi/12.2.1/thumb/v8-m.main+fp/hard\libc_nano.a(libc_a-mallocr.o)
 .text._malloc_r
                0x00001d0c       0xf0 c:/siliconlabs/simplicitystudio/v5_2/developer/toolchains/gnu_arm/12.2.rel1_2023.7/bin/../lib/gcc/arm-none-eabi/12.2.1/thumb/v8-m.main+fp/hard\libc_nano.a(libc_a-mallocr.o)
                0x00001d0c                _malloc_r
 .text.__malloc_lock
                0x00001dfc        0xc c:/siliconlabs/simplicitystudio/v5_2/developer/toolchains/gnu_arm/12.2.rel1_2023.7/bin/../lib/gcc/arm-none-eabi/12.2.1/thumb/v8-m.main+fp/hard\libc_nano.a(libc_a-mlock.o)
                0x00001dfc                __malloc_lock
 .text.__malloc_unlock
                0x00001e08        0xc c:/siliconlabs/simplicitystudio/v5_2/developer/toolchains/gnu_arm/12.2.rel1_2023.7/bin/../lib/gcc/arm-none-eabi/12.2.1/thumb/v8-m.main+fp/hard\libc_nano.a(libc_a-mlock.o)
                0x00001e08                __malloc_unlock
 .text._svfprintf_r
                0x00001e14      0x1f8 c:/siliconlabs/simplicitystudio/v5_2/developer/toolchains/gnu_arm/12.2.rel1_2023.7/bin/../lib/gcc/arm-none-eabi/12.2.1/thumb/v8-m.main+fp/hard\libc_nano.a(libc_a-nano-svfprintf.o)
                0x00001e14                _svfiprintf_r
                0x00001e14                _svfprintf_r
 .text._printf_i
                0x0000200c      0x258 c:/siliconlabs/simplicitystudio/v5_2/developer/toolchains/gnu_arm/12.2.rel1_2023.7/bin/../lib/gcc/arm-none-eabi/12.2.1/thumb/v8-m.main+fp/hard\libc_nano.a(libc_a-nano-vfprintf_i.o)
                0x0000200c                _printf_i
 .text._sbrk_r  0x00002264       0x20 c:/siliconlabs/simplicitystudio/v5_2/developer/toolchains/gnu_arm/12.2.rel1_2023.7/bin/../lib/gcc/arm-none-eabi/12.2.1/thumb/v8-m.main+fp/hard\libc_nano.a(libc_a-sbrkr.o)
                0x00002264                _sbrk_r
 .text.app_init
                0x00002284        0x2 ./app.o
                0x00002284                app_init
 .text.initGPIO
                0x00002286       0x2a ./main.o
                0x00002286                initGPIO
 .text.sl_board_default_init
                0x000022b0        0x4 ./autogen/sl_board_default_init.o
                0x000022b0                sl_board_default_init
 .text.sl_driver_init
                0x000022b4        0xe ./autogen/sl_event_handler.o
                0x000022b4                sl_driver_init
 .text.sl_service_init
                0x000022c2        0x4 ./autogen/sl_event_handler.o
                0x000022c2                sl_service_init
 .text.sl_stack_init
                0x000022c6        0x2 ./autogen/sl_event_handler.o
                0x000022c6                sl_stack_init
 .text.sl_internal_app_init
                0x000022c8        0x2 ./autogen/sl_event_handler.o
                0x000022c8                sl_internal_app_init
 .text.sl_board_enable_vcom
                0x000022ca       0x12 ./simplicity_sdk_2024.6.2/hardware/board/src/sl_board_control_gpio.o
                0x000022ca                sl_board_enable_vcom
 .text.sl_board_configure_vcom
                0x000022dc        0x4 ./simplicity_sdk_2024.6.2/hardware/board/src/sl_board_control_gpio.o
                0x000022dc                sl_board_configure_vcom
 .text.sl_board_disable_vcom
                0x000022e0       0x12 ./simplicity_sdk_2024.6.2/hardware/board/src/sl_board_control_gpio.o
                0x000022e0                sl_board_disable_vcom
 .text.sl_cos_send_config
                0x000022f2       0x12 ./simplicity_sdk_2024.6.2/hardware/driver/configuration_over_swo/src/sl_cos.o
                0x000022f2                sl_cos_send_config
 .text.Default_Handler
                0x00002304        0x2 ./simplicity_sdk_2024.6.2/platform/Device/SiliconLabs/EFR32MG21/Source/startup_efr32mg21.o
                0x00002304                ULFRCO_IRQHandler
                0x00002304                SW2_IRQHandler
                0x00002304                TIMER2_IRQHandler
                0x00002304                DebugMon_Handler
                0x00002304                USART0_TX_IRQHandler
                0x00002304                PRORTC_IRQHandler
                0x00002304                IADC_IRQHandler
                0x00002304                I2C0_IRQHandler
                0x00002304                LFXO_IRQHandler
                0x00002304                HardFault_Handler
                0x00002304                SMU_SECURE_IRQHandler
                0x00002304                SysTick_Handler
                0x00002304                USART1_RX_IRQHandler
                0x00002304                PendSV_Handler
                0x00002304                NMI_Handler
                0x00002304                SYNTH_IRQHandler
                0x00002304                I2C1_IRQHandler
                0x00002304                WDOG0_IRQHandler
                0x00002304                TIMER3_IRQHandler
                0x00002304                SYSCFG_IRQHandler
                0x00002304                EMUSE_IRQHandler
                0x00002304                EMUDG_IRQHandler
                0x00002304                USART1_TX_IRQHandler
                0x00002304                SMU_PRIVILEGED_IRQHandler
                0x00002304                MSC_IRQHandler
                0x00002304                DPLL0_IRQHandler
                0x00002304                UsageFault_Handler
                0x00002304                WDOG1_IRQHandler
                0x00002304                M33CTI1_IRQHandler
                0x00002304                GPIO_EVEN_IRQHandler
                0x00002304                SEMBTX_IRQHandler
                0x00002304                SW0_IRQHandler
                0x00002304                TIMER0_IRQHandler
                0x00002304                LETIMER0_IRQHandler
                0x00002304                TIMER1_IRQHandler
                0x00002304                HFRCO0_IRQHandler
                0x00002304                SecureFault_Handler
                0x00002304                BUFC_IRQHandler
                0x00002304                MODEM_IRQHandler
                0x00002304                USART2_RX_IRQHandler
                0x00002304                Default_Handler
                0x00002304                RAC_SEQ_IRQHandler
                0x00002304                FRC_PRI_IRQHandler
                0x00002304                EMU_IRQHandler
                0x00002304                SW3_IRQHandler
                0x00002304                KERNEL0_IRQHandler
                0x00002304                FRC_IRQHandler
                0x00002304                KERNEL1_IRQHandler
                0x00002304                AGC_IRQHandler
                0x00002304                sl_app_properties
                0x00002304                HFRCOEM23_IRQHandler
                0x00002304                BURTC_IRQHandler
                0x00002304                SEMBRX_IRQHandler
                0x00002304                LFRCO_IRQHandler
                0x00002304                ACMP0_IRQHandler
                0x00002304                USART0_RX_IRQHandler
                0x00002304                MemManage_Handler
                0x00002304                SVC_Handler
                0x00002304                RTCC_IRQHandler
                0x00002304                HFXO00_IRQHandler
                0x00002304                SW1_IRQHandler
                0x00002304                CMU_IRQHandler
                0x00002304                RAC_RSM_IRQHandler
                0x00002304                SETAMPERHOST_IRQHandler
                0x00002304                GPIO_ODD_IRQHandler
                0x00002304                AES_IRQHandler
                0x00002304                M33CTI0_IRQHandler
                0x00002304                ICACHE0_IRQHandler
                0x00002304                PROTIMER_IRQHandler
                0x00002304                ACMP1_IRQHandler
                0x00002304                BusFault_Handler
                0x00002304                USART2_TX_IRQHandler
 .text.CopyBlock
                0x00002306       0x18 ./simplicity_sdk_2024.6.2/platform/Device/SiliconLabs/EFR32MG21/Source/startup_efr32mg21.o
                0x00002306                CopyBlock
 .text.SystemCLKIN0Get
                0x0000231e        0x4 ./simplicity_sdk_2024.6.2/platform/Device/SiliconLabs/EFR32MG21/Source/system_efr32mg21.o
                0x0000231e                SystemCLKIN0Get
 .text.SystemLFRCOClockGet
                0x00002322        0x6 ./simplicity_sdk_2024.6.2/platform/Device/SiliconLabs/EFR32MG21/Source/system_efr32mg21.o
                0x00002322                SystemLFRCOClockGet
 .text.SystemULFRCOClockGet
                0x00002328        0x6 ./simplicity_sdk_2024.6.2/platform/Device/SiliconLabs/EFR32MG21/Source/system_efr32mg21.o
                0x00002328                SystemULFRCOClockGet
 .text.assertEFM
                0x0000232e        0x2 ./simplicity_sdk_2024.6.2/platform/common/src/sl_assert.o
                0x0000232e                assertEFM
 .text.CORE_EnterCritical
                0x00002330        0x8 ./simplicity_sdk_2024.6.2/platform/common/src/sl_core_cortexm.o
                0x00002330                CORE_EnterCritical
 .text.CORE_ExitCritical
                0x00002338        0x6 ./simplicity_sdk_2024.6.2/platform/common/src/sl_core_cortexm.o
                0x00002338                CORE_ExitCritical
 .text.CORE_EnterAtomic
                0x0000233e        0xc ./simplicity_sdk_2024.6.2/platform/common/src/sl_core_cortexm.o
                0x0000233e                CORE_EnterAtomic
 .text.CORE_ExitAtomic
                0x0000234a        0x6 ./simplicity_sdk_2024.6.2/platform/common/src/sl_core_cortexm.o
                0x0000234a                CORE_ExitAtomic
 .text._exit    0x00002350        0x2 ./simplicity_sdk_2024.6.2/platform/common/src/sl_syscalls.o
                0x00002350                _exit
 .text.sl_debug_swo_enable_itm
                0x00002352       0x16 ./simplicity_sdk_2024.6.2/platform/driver/debug/src/sl_debug_swo.o
                0x00002352                sl_debug_swo_enable_itm
 .text.sl_debug_swo_disable_itm
                0x00002368       0x18 ./simplicity_sdk_2024.6.2/platform/driver/debug/src/sl_debug_swo.o
                0x00002368                sl_debug_swo_disable_itm
 .text.waitStateMax
                0x00002380       0x10 ./simplicity_sdk_2024.6.2/platform/emlib/src/em_cmu.o
 .text.pclkDivMax
                0x00002390        0x8 ./simplicity_sdk_2024.6.2/platform/emlib/src/em_cmu.o
 .text.sli_em_cmu_SYSCLKInitPreClockSelect
                0x00002398        0xe ./simplicity_sdk_2024.6.2/platform/emlib/src/em_cmu.o
                0x00002398                sli_em_cmu_SYSCLKInitPreClockSelect
 .text.sli_em_cmu_SYSCLKInitPostClockSelect
                0x000023a6       0x1a ./simplicity_sdk_2024.6.2/platform/emlib/src/em_cmu.o
                0x000023a6                sli_em_cmu_SYSCLKInitPostClockSelect
 .text.BUS_RegMaskedWrite
                0x000023c0       0x1e ./simplicity_sdk_2024.6.2/platform/emlib/src/em_gpio.o
 .text.GPIO_DbgLocationSet
                0x000023de        0x2 ./simplicity_sdk_2024.6.2/platform/emlib/src/em_gpio.o
                0x000023de                GPIO_DbgLocationSet
 .text.USART_Rx
                0x000023e0        0xc ./simplicity_sdk_2024.6.2/platform/emlib/src/em_usart.o
                0x000023e0                USART_Rx
 .text.USART_Tx
                0x000023ec        0xa ./simplicity_sdk_2024.6.2/platform/emlib/src/em_usart.o
                0x000023ec                USART_Tx
 .text.sl_clock_manager_runtime_init
                0x000023f6        0x4 ./simplicity_sdk_2024.6.2/platform/service/clock_manager/src/sl_clock_manager.o
                0x000023f6                sl_clock_manager_runtime_init
 .text.sl_clock_manager_get_clock_branch_frequency
                0x000023fa        0xa ./simplicity_sdk_2024.6.2/platform/service/clock_manager/src/sl_clock_manager.o
                0x000023fa                sl_clock_manager_get_clock_branch_frequency
 .text.sl_clock_manager_enable_bus_clock
                0x00002404        0x6 ./simplicity_sdk_2024.6.2/platform/service/clock_manager/src/sl_clock_manager.o
                0x00002404                sl_clock_manager_enable_bus_clock
 .text.sli_clock_manager_hal_runtime_init
                0x0000240a        0x4 ./simplicity_sdk_2024.6.2/platform/service/clock_manager/src/sl_clock_manager_hal_s2.o
                0x0000240a                sli_clock_manager_hal_runtime_init
 .text.sli_clock_manager_hal_get_clock_branch_frequency
                0x0000240e       0x82 ./simplicity_sdk_2024.6.2/platform/service/clock_manager/src/sl_clock_manager_hal_s2.o
                0x0000240e                sli_clock_manager_hal_get_clock_branch_frequency
 .text.sli_clock_manager_hal_enable_bus_clock
                0x00002490        0x4 ./simplicity_sdk_2024.6.2/platform/service/clock_manager/src/sl_clock_manager_hal_s2.o
                0x00002490                sli_clock_manager_hal_enable_bus_clock
 .text.sl_clock_manager_init
                0x00002494        0x4 ./simplicity_sdk_2024.6.2/platform/service/clock_manager/src/sl_clock_manager_init.o
                0x00002494                sl_clock_manager_init
 .text.sl_interrupt_manager_init
                0x00002498       0x16 ./simplicity_sdk_2024.6.2/platform/service/interrupt_manager/src/sl_interrupt_manager_cortexm.o
                0x00002498                sl_interrupt_manager_init
 .text.sl_system_init
                0x000024ae       0x1a ./simplicity_sdk_2024.6.2/platform/service/system/src/sl_system_init.o
                0x000024ae                sl_system_init
 .text.memset   0x000024c8       0x10 c:/siliconlabs/simplicitystudio/v5_2/developer/toolchains/gnu_arm/12.2.rel1_2023.7/bin/../lib/gcc/arm-none-eabi/12.2.1/thumb/v8-m.main+fp/hard\libc_nano.a(libc_a-memset.o)
                0x000024c8                memset
 .text.__retarget_lock_acquire_recursive
                0x000024d8        0x2 c:/siliconlabs/simplicitystudio/v5_2/developer/toolchains/gnu_arm/12.2.rel1_2023.7/bin/../lib/gcc/arm-none-eabi/12.2.1/thumb/v8-m.main+fp/hard\libc_nano.a(libc_a-lock.o)
                0x000024d8                __retarget_lock_acquire_recursive
 .text.__retarget_lock_release_recursive
                0x000024da        0x2 c:/siliconlabs/simplicitystudio/v5_2/developer/toolchains/gnu_arm/12.2.rel1_2023.7/bin/../lib/gcc/arm-none-eabi/12.2.1/thumb/v8-m.main+fp/hard\libc_nano.a(libc_a-lock.o)
                0x000024da                __retarget_lock_release_recursive
 .text.__ssputs_r
                0x000024dc       0xb6 c:/siliconlabs/simplicitystudio/v5_2/developer/toolchains/gnu_arm/12.2.rel1_2023.7/bin/../lib/gcc/arm-none-eabi/12.2.1/thumb/v8-m.main+fp/hard\libc_nano.a(libc_a-nano-svfprintf.o)
                0x000024dc                __ssputs_r
 .text._printf_common
                0x00002592       0xe4 c:/siliconlabs/simplicitystudio/v5_2/developer/toolchains/gnu_arm/12.2.rel1_2023.7/bin/../lib/gcc/arm-none-eabi/12.2.1/thumb/v8-m.main+fp/hard\libc_nano.a(libc_a-nano-vfprintf_i.o)
                0x00002592                _printf_common
 .text.memmove  0x00002676       0x34 c:/siliconlabs/simplicitystudio/v5_2/developer/toolchains/gnu_arm/12.2.rel1_2023.7/bin/../lib/gcc/arm-none-eabi/12.2.1/thumb/v8-m.main+fp/hard\libc_nano.a(libc_a-memmove.o)
                0x00002676                memmove
 .text.memchr   0x000026aa       0x1c c:/siliconlabs/simplicitystudio/v5_2/developer/toolchains/gnu_arm/12.2.rel1_2023.7/bin/../lib/gcc/arm-none-eabi/12.2.1/thumb/v8-m.main+fp/hard\libc_nano.a(libc_a-memchr-stub.o)
                0x000026aa                memchr
 .text.memcpy   0x000026c6       0x1a c:/siliconlabs/simplicitystudio/v5_2/developer/toolchains/gnu_arm/12.2.rel1_2023.7/bin/../lib/gcc/arm-none-eabi/12.2.1/thumb/v8-m.main+fp/hard\libc_nano.a(libc_a-memcpy-stub.o)
                0x000026c6                memcpy
 .text._realloc_r
                0x000026e0       0x5c c:/siliconlabs/simplicitystudio/v5_2/developer/toolchains/gnu_arm/12.2.rel1_2023.7/bin/../lib/gcc/arm-none-eabi/12.2.1/thumb/v8-m.main+fp/hard\libc_nano.a(libc_a-reallocr.o)
                0x000026e0                _realloc_r
 .text._malloc_usable_size_r
                0x0000273c       0x10 c:/siliconlabs/simplicitystudio/v5_2/developer/toolchains/gnu_arm/12.2.rel1_2023.7/bin/../lib/gcc/arm-none-eabi/12.2.1/thumb/v8-m.main+fp/hard\libc_nano.a(libc_a-msizer.o)
                0x0000273c                _malloc_usable_size_r
 *(SORT_BY_ALIGNMENT(text_*))
                0x00002760                . = ALIGN (0x20)
 *fill*         0x0000274c       0x14 
                0x00002760                linker_code_end = .
 *(.init)
 .init          0x00002760        0x4 c:/siliconlabs/simplicitystudio/v5_2/developer/toolchains/gnu_arm/12.2.rel1_2023.7/bin/../lib/gcc/arm-none-eabi/12.2.1/thumb/v8-m.main+fp/hard/crti.o
                0x00002760                _init
 .init          0x00002764        0x8 c:/siliconlabs/simplicitystudio/v5_2/developer/toolchains/gnu_arm/12.2.rel1_2023.7/bin/../lib/gcc/arm-none-eabi/12.2.1/thumb/v8-m.main+fp/hard/crtn.o
 *(.fini)
 .fini          0x0000276c        0x4 c:/siliconlabs/simplicitystudio/v5_2/developer/toolchains/gnu_arm/12.2.rel1_2023.7/bin/../lib/gcc/arm-none-eabi/12.2.1/thumb/v8-m.main+fp/hard/crti.o
                0x0000276c                _fini
 .fini          0x00002770        0x8 c:/siliconlabs/simplicitystudio/v5_2/developer/toolchains/gnu_arm/12.2.rel1_2023.7/bin/../lib/gcc/arm-none-eabi/12.2.1/thumb/v8-m.main+fp/hard/crtn.o
 *crtbegin.o(.ctors)
 *crtbegin?.o(.ctors)
 *(EXCLUDE_FILE(*crtend.o *crtend?.o) .ctors)
 *(SORT_BY_NAME(.ctors.*))
 *(.ctors)
 *crtbegin.o(.dtors)
 *crtbegin?.o(.dtors)
 *(EXCLUDE_FILE(*crtend.o *crtend?.o) .dtors)
 *(SORT_BY_NAME(.dtors.*))
 *(.dtors)
 *(.rodata*)
 .rodata.main.str1.1
                0x00002778       0x18 ./main.o
 .rodata        0x00002790       0x20 ./main.o
 .rodata.HFRCODPLLDevinfoGet.str1.1
                0x000027b0       0x53 ./simplicity_sdk_2024.6.2/platform/emlib/src/em_cmu.o
 .rodata.GPIO_PinOutSet.str1.1
                0x00002803       0x54 ./simplicity_sdk_2024.6.2/platform/emlib/src/em_gpio.o
 .rodata.GPIO_ExtIntConfig.str1.1
                0x00002857       0x54 ./simplicity_sdk_2024.6.2/platform/emlib/src/em_gpio.o
 .rodata.CSWTCH.31
                0x000028ab        0x4 ./simplicity_sdk_2024.6.2/platform/emlib/src/em_gpio.o
 .rodata.LDMA_EnableChannelRequest.str1.1
                0x000028af       0xa7 ./simplicity_sdk_2024.6.2/platform/emlib/src/em_ldma.o
 .rodata.USART_BaudrateAsyncSet.str1.1
                0x00002956       0x55 ./simplicity_sdk_2024.6.2/platform/emlib/src/em_usart.o
 *fill*         0x000029ab        0x1 
 .rodata        0x000029ac       0x3c ./simplicity_sdk_2024.6.2/platform/service/clock_manager/src/sl_clock_manager_init_hal_s2.o
 .rodata.SL_BUS_CLOCK_GPIO_VALUE
                0x000029e8        0x4 ./simplicity_sdk_2024.6.2/platform/service/device_manager/src/sl_device_clock.o
                0x000029e8                SL_BUS_CLOCK_GPIO_VALUE
 .rodata.sl_interrupt_manager_disable_irq.str1.1
                0x000029ec       0x7d ./simplicity_sdk_2024.6.2/platform/service/interrupt_manager/src/sl_interrupt_manager_cortexm.o
 .rodata._svfprintf_r.str1.1
                0x00002a69       0x11 c:/siliconlabs/simplicitystudio/v5_2/developer/toolchains/gnu_arm/12.2.rel1_2023.7/bin/../lib/gcc/arm-none-eabi/12.2.1/thumb/v8-m.main+fp/hard\libc_nano.a(libc_a-nano-svfprintf.o)
 .rodata._printf_i.str1.1
                0x00002a7a       0x22 c:/siliconlabs/simplicitystudio/v5_2/developer/toolchains/gnu_arm/12.2.rel1_2023.7/bin/../lib/gcc/arm-none-eabi/12.2.1/thumb/v8-m.main+fp/hard\libc_nano.a(libc_a-nano-vfprintf_i.o)
 *(.eh_frame*)
 .eh_frame      0x00002a9c        0x0 c:/siliconlabs/simplicitystudio/v5_2/developer/toolchains/gnu_arm/12.2.rel1_2023.7/bin/../lib/gcc/arm-none-eabi/12.2.1/thumb/v8-m.main+fp/hard/crtbegin.o

.glue_7         0x00002a9c        0x0
 .glue_7        0x00002a9c        0x0 linker stubs

.glue_7t        0x00002a9c        0x0
 .glue_7t       0x00002a9c        0x0 linker stubs

.vfp11_veneer   0x00002a9c        0x0
 .vfp11_veneer  0x00002a9c        0x0 linker stubs

.v4_bx          0x00002a9c        0x0
 .v4_bx         0x00002a9c        0x0 linker stubs

.iplt           0x00002a9c        0x0
 .iplt          0x00002a9c        0x0 c:/siliconlabs/simplicitystudio/v5_2/developer/toolchains/gnu_arm/12.2.rel1_2023.7/bin/../lib/gcc/arm-none-eabi/12.2.1/thumb/v8-m.main+fp/hard/crtbegin.o

.ARM.extab
 *(.ARM.extab* .gnu.linkonce.armextab.*)
                0x00002a9c                __exidx_start = .

.ARM.exidx      0x00002a9c        0x8
 *(.ARM.exidx* .gnu.linkonce.armexidx.*)
 .ARM.exidx     0x00002a9c        0x8 c:/siliconlabs/simplicitystudio/v5_2/developer/toolchains/gnu_arm/12.2.rel1_2023.7/bin/../lib/gcc/arm-none-eabi/12.2.1/thumb/v8-m.main+fp/hard/crt0.o
                                 0x10 (size before relaxing)
                0x00002aa4                __exidx_end = .

.rel.dyn        0x00002aa4        0x0
 .rel.iplt      0x00002aa4        0x0 c:/siliconlabs/simplicitystudio/v5_2/developer/toolchains/gnu_arm/12.2.rel1_2023.7/bin/../lib/gcc/arm-none-eabi/12.2.1/thumb/v8-m.main+fp/hard/crtbegin.o

.copy.table     0x00002aa4        0xc
                0x00002aa4                . = ALIGN (0x4)
                0x00002aa4                __copy_table_start__ = .
                0x00002aa4        0x4 LONG 0x2ab0 __etext
                0x00002aa8        0x4 LONG 0x20001238 __data_start__
                0x00002aac        0x4 LONG 0x1c ((__data_end__ - __data_start__) / 0x4)
                0x00002ab0                __copy_table_end__ = .

.zero.table     0x00002ab0        0x0
                0x00002ab0                . = ALIGN (0x4)
                0x00002ab0                __zero_table_start__ = .
                0x00002ab0                __zero_table_end__ = .
                0x00002ab0                __etext = .

.data           0x20001238       0x70 load address 0x00002ab0
                0x20001238                . = ALIGN (0x4)
                0x20001238                __data_start__ = .
 *(vtable)
 *(SORT_BY_ALIGNMENT(.data*))
 .data.SystemCoreClock
                0x20001238        0x4 ./simplicity_sdk_2024.6.2/platform/Device/SiliconLabs/EFR32MG21/Source/system_efr32mg21.o
                0x20001238                SystemCoreClock
 .data.SystemHFRCODPLLClock
                0x2000123c        0x4 ./simplicity_sdk_2024.6.2/platform/Device/SiliconLabs/EFR32MG21/Source/system_efr32mg21.o
 .data.SystemLFXOClock
                0x20001240        0x4 ./simplicity_sdk_2024.6.2/platform/Device/SiliconLabs/EFR32MG21/Source/system_efr32mg21.o
 .data.SystemHFXOClock
                0x20001244        0x4 ./simplicity_sdk_2024.6.2/platform/Device/SiliconLabs/EFR32MG21/Source/system_efr32mg21.o
 .data.heap_end.0
                0x20001248        0x4 ./simplicity_sdk_2024.6.2/platform/service/memory_manager/src/sl_memory_manager_region.o
 .data._impure_ptr
                0x2000124c        0x4 c:/siliconlabs/simplicitystudio/v5_2/developer/toolchains/gnu_arm/12.2.rel1_2023.7/bin/../lib/gcc/arm-none-eabi/12.2.1/thumb/v8-m.main+fp/hard\libc_nano.a(libc_a-impure.o)
                0x2000124c                _impure_ptr
 .data._impure_data
                0x20001250       0x4c c:/siliconlabs/simplicitystudio/v5_2/developer/toolchains/gnu_arm/12.2.rel1_2023.7/bin/../lib/gcc/arm-none-eabi/12.2.1/thumb/v8-m.main+fp/hard\libc_nano.a(libc_a-impure.o)
                0x20001250                _impure_data
 .data.hfxo_precision
                0x2000129c        0x2 ./simplicity_sdk_2024.6.2/platform/emlib/src/em_cmu.o
 .data.lfxo_precision
                0x2000129e        0x2 ./simplicity_sdk_2024.6.2/platform/emlib/src/em_cmu.o
                0x200012a0                . = ALIGN (0x4)
                0x200012a0                . = ALIGN (0x4)
                0x200012a0                PROVIDE (__preinit_array_start = .)
 *(.preinit_array)
                0x200012a0                PROVIDE (__preinit_array_end = .)
                0x200012a0                . = ALIGN (0x4)
                0x200012a0                PROVIDE (__init_array_start = .)
 *(SORT_BY_NAME(.init_array.*))
 *(.init_array)
 .init_array    0x200012a0        0x4 c:/siliconlabs/simplicitystudio/v5_2/developer/toolchains/gnu_arm/12.2.rel1_2023.7/bin/../lib/gcc/arm-none-eabi/12.2.1/thumb/v8-m.main+fp/hard/crtbegin.o
                0x200012a4                PROVIDE (__init_array_end = .)
                0x200012a4                . = ALIGN (0x4)
                [!provide]                PROVIDE (__fini_array_start = .)
 *(SORT_BY_NAME(.fini_array.*))
 *(.fini_array)
 .fini_array    0x200012a4        0x4 c:/siliconlabs/simplicitystudio/v5_2/developer/toolchains/gnu_arm/12.2.rel1_2023.7/bin/../lib/gcc/arm-none-eabi/12.2.1/thumb/v8-m.main+fp/hard/crtbegin.o
                [!provide]                PROVIDE (__fini_array_end = .)
                0x200012a8                . = ALIGN (0x4)
                0x200012a8                __data_end__ = .

.tm_clone_table
                0x200012a8        0x0 load address 0x00002b20
 .tm_clone_table
                0x200012a8        0x0 c:/siliconlabs/simplicitystudio/v5_2/developer/toolchains/gnu_arm/12.2.rel1_2023.7/bin/../lib/gcc/arm-none-eabi/12.2.1/thumb/v8-m.main+fp/hard/crtbegin.o
 .tm_clone_table
                0x200012a8        0x0 c:/siliconlabs/simplicitystudio/v5_2/developer/toolchains/gnu_arm/12.2.rel1_2023.7/bin/../lib/gcc/arm-none-eabi/12.2.1/thumb/v8-m.main+fp/hard/crtend.o

.igot.plt       0x200012a8        0x0 load address 0x00002b20
 .igot.plt      0x200012a8        0x0 c:/siliconlabs/simplicitystudio/v5_2/developer/toolchains/gnu_arm/12.2.rel1_2023.7/bin/../lib/gcc/arm-none-eabi/12.2.1/thumb/v8-m.main+fp/hard/crtbegin.o

.heap           0x200012a8        0x0 load address 0x00002b20
                0x200012a8                . = ALIGN (0x8)
                0x200012a8                __HeapBase = .
                0x200012a8                __end__ = .
                0x200012a8                end = __end__
                0x200012a8                _end = __end__
 *(.heap*)
                0x20018000                __HeapLimit = (ORIGIN (RAM) + LENGTH (RAM))
                0x00016d58                __heap_size = (__HeapLimit - __HeapBase)
                0x20018000                __ram_end__ = 0x20018000
                0x000fe000                __main_flash_end__ = 0xfe000

.internal_storage
 *(.internal_storage*)

.nvm
 *(.simee*)
                0x20001238                __ramfuncs_start__ = __vma_ramfuncs_start__
                0x20001238                __ramfuncs_end__ = __vma_ramfuncs_end__
                0x000fe000                linker_nvm_end = __main_flash_end__
                0x000fe000                linker_nvm_begin = (linker_nvm_end - SIZEOF (.nvm))
                0x000fe000                linker_storage_end = linker_nvm_begin
                0x000fe000                __nvm3Base = linker_nvm_begin
                0x000fe000                linker_storage_begin = (linker_storage_end - SIZEOF (.internal_storage))
                0x00000001                ASSERT ((linker_storage_begin >= (__etext + SIZEOF (.data))), FLASH memory overflowed !)
OUTPUT(bai11111.axf elf32-littlearm)
LOAD linker stubs

.ARM.attributes
                0x00000000       0x36
 .ARM.attributes
                0x00000000       0x26 c:/siliconlabs/simplicitystudio/v5_2/developer/toolchains/gnu_arm/12.2.rel1_2023.7/bin/../lib/gcc/arm-none-eabi/12.2.1/thumb/v8-m.main+fp/hard/crti.o
 .ARM.attributes
                0x00000026       0x38 c:/siliconlabs/simplicitystudio/v5_2/developer/toolchains/gnu_arm/12.2.rel1_2023.7/bin/../lib/gcc/arm-none-eabi/12.2.1/thumb/v8-m.main+fp/hard/crtbegin.o
 .ARM.attributes
                0x0000005e       0x24 c:/siliconlabs/simplicitystudio/v5_2/developer/toolchains/gnu_arm/12.2.rel1_2023.7/bin/../lib/gcc/arm-none-eabi/12.2.1/thumb/v8-m.main+fp/hard/crt0.o
 .ARM.attributes
                0x00000082       0x3a ./app.o
 .ARM.attributes
                0x000000bc       0x3a ./main.o
 .ARM.attributes
                0x000000f6       0x3a ./autogen/sl_board_default_init.o
 .ARM.attributes
                0x00000130       0x3a ./autogen/sl_event_handler.o
 .ARM.attributes
                0x0000016a       0x3a ./simplicity_sdk_2024.6.2/hardware/board/src/sl_board_control_gpio.o
 .ARM.attributes
                0x000001a4       0x3a ./simplicity_sdk_2024.6.2/hardware/board/src/sl_board_init.o
 .ARM.attributes
                0x000001de       0x3a ./simplicity_sdk_2024.6.2/hardware/driver/configuration_over_swo/src/sl_cos.o
 .ARM.attributes
                0x00000218       0x3a ./simplicity_sdk_2024.6.2/platform/Device/SiliconLabs/EFR32MG21/Source/startup_efr32mg21.o
 .ARM.attributes
                0x00000252       0x3a ./simplicity_sdk_2024.6.2/platform/Device/SiliconLabs/EFR32MG21/Source/system_efr32mg21.o
 .ARM.attributes
                0x0000028c       0x3a ./simplicity_sdk_2024.6.2/platform/common/src/sl_assert.o
 .ARM.attributes
                0x000002c6       0x3a ./simplicity_sdk_2024.6.2/platform/common/src/sl_core_cortexm.o
 .ARM.attributes
                0x00000300       0x3a ./simplicity_sdk_2024.6.2/platform/common/src/sl_syscalls.o
 .ARM.attributes
                0x0000033a       0x3a ./simplicity_sdk_2024.6.2/platform/driver/debug/src/sl_debug_swo.o
 .ARM.attributes
                0x00000374       0x3a ./simplicity_sdk_2024.6.2/platform/emlib/src/em_cmu.o
 .ARM.attributes
                0x000003ae       0x3a ./simplicity_sdk_2024.6.2/platform/emlib/src/em_emu.o
 .ARM.attributes
                0x000003e8       0x3a ./simplicity_sdk_2024.6.2/platform/emlib/src/em_gpio.o
 .ARM.attributes
                0x00000422       0x3a ./simplicity_sdk_2024.6.2/platform/emlib/src/em_ldma.o
 .ARM.attributes
                0x0000045c       0x3a ./simplicity_sdk_2024.6.2/platform/emlib/src/em_system.o
 .ARM.attributes
                0x00000496       0x3a ./simplicity_sdk_2024.6.2/platform/emlib/src/em_usart.o
 .ARM.attributes
                0x000004d0       0x3a ./simplicity_sdk_2024.6.2/platform/service/clock_manager/src/sl_clock_manager.o
 .ARM.attributes
                0x0000050a       0x3a ./simplicity_sdk_2024.6.2/platform/service/clock_manager/src/sl_clock_manager_hal_s2.o
 .ARM.attributes
                0x00000544       0x3a ./simplicity_sdk_2024.6.2/platform/service/clock_manager/src/sl_clock_manager_init.o
 .ARM.attributes
                0x0000057e       0x3a ./simplicity_sdk_2024.6.2/platform/service/clock_manager/src/sl_clock_manager_init_hal_s2.o
 .ARM.attributes
                0x000005b8       0x3a ./simplicity_sdk_2024.6.2/platform/service/device_init/src/sl_device_init_emu_s2.o
 .ARM.attributes
                0x000005f2       0x3a ./simplicity_sdk_2024.6.2/platform/service/device_manager/src/sl_device_clock.o
 .ARM.attributes
                0x0000062c       0x3a ./simplicity_sdk_2024.6.2/platform/service/interrupt_manager/src/sl_interrupt_manager_cortexm.o
 .ARM.attributes
                0x00000666       0x3a ./simplicity_sdk_2024.6.2/platform/service/memory_manager/src/sl_memory_manager_region.o
 .ARM.attributes
                0x000006a0       0x3a ./simplicity_sdk_2024.6.2/platform/service/system/src/sl_system_init.o
 .ARM.attributes
                0x000006da       0x38 c:/siliconlabs/simplicitystudio/v5_2/developer/toolchains/gnu_arm/12.2.rel1_2023.7/bin/../lib/gcc/arm-none-eabi/12.2.1/thumb/v8-m.main+fp/hard\libc_nano.a(libc_a-exit.o)
 .ARM.attributes
                0x00000712       0x38 c:/siliconlabs/simplicitystudio/v5_2/developer/toolchains/gnu_arm/12.2.rel1_2023.7/bin/../lib/gcc/arm-none-eabi/12.2.1/thumb/v8-m.main+fp/hard\libc_nano.a(libc_a-findfp.o)
 .ARM.attributes
                0x0000074a       0x38 c:/siliconlabs/simplicitystudio/v5_2/developer/toolchains/gnu_arm/12.2.rel1_2023.7/bin/../lib/gcc/arm-none-eabi/12.2.1/thumb/v8-m.main+fp/hard\libc_nano.a(libc_a-snprintf.o)
 .ARM.attributes
                0x00000782       0x38 c:/siliconlabs/simplicitystudio/v5_2/developer/toolchains/gnu_arm/12.2.rel1_2023.7/bin/../lib/gcc/arm-none-eabi/12.2.1/thumb/v8-m.main+fp/hard\libc_nano.a(libc_a-memset.o)
 .ARM.attributes
                0x000007ba       0x38 c:/siliconlabs/simplicitystudio/v5_2/developer/toolchains/gnu_arm/12.2.rel1_2023.7/bin/../lib/gcc/arm-none-eabi/12.2.1/thumb/v8-m.main+fp/hard\libc_nano.a(libc_a-reent.o)
 .ARM.attributes
                0x000007f2       0x38 c:/siliconlabs/simplicitystudio/v5_2/developer/toolchains/gnu_arm/12.2.rel1_2023.7/bin/../lib/gcc/arm-none-eabi/12.2.1/thumb/v8-m.main+fp/hard\libc_nano.a(libc_a-impure.o)
 .ARM.attributes
                0x0000082a       0x38 c:/siliconlabs/simplicitystudio/v5_2/developer/toolchains/gnu_arm/12.2.rel1_2023.7/bin/../lib/gcc/arm-none-eabi/12.2.1/thumb/v8-m.main+fp/hard\libc_nano.a(libc_a-init.o)
 .ARM.attributes
                0x00000862       0x38 c:/siliconlabs/simplicitystudio/v5_2/developer/toolchains/gnu_arm/12.2.rel1_2023.7/bin/../lib/gcc/arm-none-eabi/12.2.1/thumb/v8-m.main+fp/hard\libc_nano.a(libc_a-lock.o)
 .ARM.attributes
                0x0000089a       0x38 c:/siliconlabs/simplicitystudio/v5_2/developer/toolchains/gnu_arm/12.2.rel1_2023.7/bin/../lib/gcc/arm-none-eabi/12.2.1/thumb/v8-m.main+fp/hard\libc_nano.a(libc_a-freer.o)
 .ARM.attributes
                0x000008d2       0x38 c:/siliconlabs/simplicitystudio/v5_2/developer/toolchains/gnu_arm/12.2.rel1_2023.7/bin/../lib/gcc/arm-none-eabi/12.2.1/thumb/v8-m.main+fp/hard\libc_nano.a(libc_a-mallocr.o)
 .ARM.attributes
                0x0000090a       0x38 c:/siliconlabs/simplicitystudio/v5_2/developer/toolchains/gnu_arm/12.2.rel1_2023.7/bin/../lib/gcc/arm-none-eabi/12.2.1/thumb/v8-m.main+fp/hard\libc_nano.a(libc_a-mlock.o)
 .ARM.attributes
                0x00000942       0x38 c:/siliconlabs/simplicitystudio/v5_2/developer/toolchains/gnu_arm/12.2.rel1_2023.7/bin/../lib/gcc/arm-none-eabi/12.2.1/thumb/v8-m.main+fp/hard\libc_nano.a(libc_a-nano-svfprintf.o)
 .ARM.attributes
                0x0000097a       0x38 c:/siliconlabs/simplicitystudio/v5_2/developer/toolchains/gnu_arm/12.2.rel1_2023.7/bin/../lib/gcc/arm-none-eabi/12.2.1/thumb/v8-m.main+fp/hard\libc_nano.a(libc_a-nano-vfprintf_i.o)
 .ARM.attributes
                0x000009b2       0x38 c:/siliconlabs/simplicitystudio/v5_2/developer/toolchains/gnu_arm/12.2.rel1_2023.7/bin/../lib/gcc/arm-none-eabi/12.2.1/thumb/v8-m.main+fp/hard\libc_nano.a(libc_a-memmove.o)
 .ARM.attributes
                0x000009ea       0x38 c:/siliconlabs/simplicitystudio/v5_2/developer/toolchains/gnu_arm/12.2.rel1_2023.7/bin/../lib/gcc/arm-none-eabi/12.2.1/thumb/v8-m.main+fp/hard\libc_nano.a(libc_a-sbrkr.o)
 .ARM.attributes
                0x00000a22       0x38 c:/siliconlabs/simplicitystudio/v5_2/developer/toolchains/gnu_arm/12.2.rel1_2023.7/bin/../lib/gcc/arm-none-eabi/12.2.1/thumb/v8-m.main+fp/hard\libc_nano.a(libc_a-memchr-stub.o)
 .ARM.attributes
                0x00000a5a       0x38 c:/siliconlabs/simplicitystudio/v5_2/developer/toolchains/gnu_arm/12.2.rel1_2023.7/bin/../lib/gcc/arm-none-eabi/12.2.1/thumb/v8-m.main+fp/hard\libc_nano.a(libc_a-memcpy-stub.o)
 .ARM.attributes
                0x00000a92       0x38 c:/siliconlabs/simplicitystudio/v5_2/developer/toolchains/gnu_arm/12.2.rel1_2023.7/bin/../lib/gcc/arm-none-eabi/12.2.1/thumb/v8-m.main+fp/hard\libc_nano.a(libc_a-reallocr.o)
 .ARM.attributes
                0x00000aca       0x38 c:/siliconlabs/simplicitystudio/v5_2/developer/toolchains/gnu_arm/12.2.rel1_2023.7/bin/../lib/gcc/arm-none-eabi/12.2.1/thumb/v8-m.main+fp/hard\libc_nano.a(libc_a-msizer.o)
 .ARM.attributes
                0x00000b02       0x38 c:/siliconlabs/simplicitystudio/v5_2/developer/toolchains/gnu_arm/12.2.rel1_2023.7/bin/../lib/gcc/arm-none-eabi/12.2.1/thumb/v8-m.main+fp/hard/crtend.o
 .ARM.attributes
                0x00000b3a       0x26 c:/siliconlabs/simplicitystudio/v5_2/developer/toolchains/gnu_arm/12.2.rel1_2023.7/bin/../lib/gcc/arm-none-eabi/12.2.1/thumb/v8-m.main+fp/hard/crtn.o

.comment        0x00000000       0x45
 .comment       0x00000000       0x45 ./app.o
                                 0x46 (size before relaxing)
 .comment       0x00000045       0x46 ./main.o
 .comment       0x00000045       0x46 ./autogen/sl_board_default_init.o
 .comment       0x00000045       0x46 ./autogen/sl_event_handler.o
 .comment       0x00000045       0x46 ./simplicity_sdk_2024.6.2/hardware/board/src/sl_board_control_gpio.o
 .comment       0x00000045       0x46 ./simplicity_sdk_2024.6.2/hardware/board/src/sl_board_init.o
 .comment       0x00000045       0x46 ./simplicity_sdk_2024.6.2/hardware/driver/configuration_over_swo/src/sl_cos.o
 .comment       0x00000045       0x46 ./simplicity_sdk_2024.6.2/platform/Device/SiliconLabs/EFR32MG21/Source/startup_efr32mg21.o
 .comment       0x00000045       0x46 ./simplicity_sdk_2024.6.2/platform/Device/SiliconLabs/EFR32MG21/Source/system_efr32mg21.o
 .comment       0x00000045       0x46 ./simplicity_sdk_2024.6.2/platform/common/src/sl_assert.o
 .comment       0x00000045       0x46 ./simplicity_sdk_2024.6.2/platform/common/src/sl_core_cortexm.o
 .comment       0x00000045       0x46 ./simplicity_sdk_2024.6.2/platform/common/src/sl_syscalls.o
 .comment       0x00000045       0x46 ./simplicity_sdk_2024.6.2/platform/driver/debug/src/sl_debug_swo.o
 .comment       0x00000045       0x46 ./simplicity_sdk_2024.6.2/platform/emlib/src/em_cmu.o
 .comment       0x00000045       0x46 ./simplicity_sdk_2024.6.2/platform/emlib/src/em_emu.o
 .comment       0x00000045       0x46 ./simplicity_sdk_2024.6.2/platform/emlib/src/em_gpio.o
 .comment       0x00000045       0x46 ./simplicity_sdk_2024.6.2/platform/emlib/src/em_ldma.o
 .comment       0x00000045       0x46 ./simplicity_sdk_2024.6.2/platform/emlib/src/em_system.o
 .comment       0x00000045       0x46 ./simplicity_sdk_2024.6.2/platform/emlib/src/em_usart.o
 .comment       0x00000045       0x46 ./simplicity_sdk_2024.6.2/platform/service/clock_manager/src/sl_clock_manager.o
 .comment       0x00000045       0x46 ./simplicity_sdk_2024.6.2/platform/service/clock_manager/src/sl_clock_manager_hal_s2.o
 .comment       0x00000045       0x46 ./simplicity_sdk_2024.6.2/platform/service/clock_manager/src/sl_clock_manager_init.o
 .comment       0x00000045       0x46 ./simplicity_sdk_2024.6.2/platform/service/clock_manager/src/sl_clock_manager_init_hal_s2.o
 .comment       0x00000045       0x46 ./simplicity_sdk_2024.6.2/platform/service/device_init/src/sl_device_init_emu_s2.o
 .comment       0x00000045       0x46 ./simplicity_sdk_2024.6.2/platform/service/device_manager/src/sl_device_clock.o
 .comment       0x00000045       0x46 ./simplicity_sdk_2024.6.2/platform/service/interrupt_manager/src/sl_interrupt_manager_cortexm.o
 .comment       0x00000045       0x46 ./simplicity_sdk_2024.6.2/platform/service/memory_manager/src/sl_memory_manager_region.o
 .comment       0x00000045       0x46 ./simplicity_sdk_2024.6.2/platform/service/system/src/sl_system_init.o

.debug_line_str
                0x00000000       0xe7
 .debug_line_str
                0x00000000       0xe7 c:/siliconlabs/simplicitystudio/v5_2/developer/toolchains/gnu_arm/12.2.rel1_2023.7/bin/../lib/gcc/arm-none-eabi/12.2.1/thumb/v8-m.main+fp/hard/crt0.o

.debug_info     0x00000000    0x22008
 .debug_info    0x00000000       0x50 ./app.o
 .debug_info    0x00000050     0x306f ./main.o
 .debug_info    0x000030bf       0xc5 ./autogen/sl_board_default_init.o
 .debug_info    0x00003184     0x12b5 ./autogen/sl_event_handler.o
 .debug_info    0x00004439      0x515 ./simplicity_sdk_2024.6.2/hardware/board/src/sl_board_control_gpio.o
 .debug_info    0x0000494e      0x13f ./simplicity_sdk_2024.6.2/hardware/board/src/sl_board_init.o
 .debug_info    0x00004a8d      0x4d5 ./simplicity_sdk_2024.6.2/hardware/driver/configuration_over_swo/src/sl_cos.o
 .debug_info    0x00004f62      0x435 ./simplicity_sdk_2024.6.2/platform/Device/SiliconLabs/EFR32MG21/Source/startup_efr32mg21.o
 .debug_info    0x00005397     0x1f2e ./simplicity_sdk_2024.6.2/platform/Device/SiliconLabs/EFR32MG21/Source/system_efr32mg21.o
 .debug_info    0x000072c5       0x86 ./simplicity_sdk_2024.6.2/platform/common/src/sl_assert.o
 .debug_info    0x0000734b      0x91a ./simplicity_sdk_2024.6.2/platform/common/src/sl_core_cortexm.o
 .debug_info    0x00007c65      0x306 ./simplicity_sdk_2024.6.2/platform/common/src/sl_syscalls.o
 .debug_info    0x00007f6b     0x1f05 ./simplicity_sdk_2024.6.2/platform/driver/debug/src/sl_debug_swo.o
 .debug_info    0x00009e70     0x6a33 ./simplicity_sdk_2024.6.2/platform/emlib/src/em_cmu.o
 .debug_info    0x000108a3     0x260b ./simplicity_sdk_2024.6.2/platform/emlib/src/em_emu.o
 .debug_info    0x00012eae     0x1ea1 ./simplicity_sdk_2024.6.2/platform/emlib/src/em_gpio.o
 .debug_info    0x00014d4f     0x192a ./simplicity_sdk_2024.6.2/platform/emlib/src/em_ldma.o
 .debug_info    0x00016679      0xec9 ./simplicity_sdk_2024.6.2/platform/emlib/src/em_system.o
 .debug_info    0x00017542     0x3ec6 ./simplicity_sdk_2024.6.2/platform/emlib/src/em_usart.o
 .debug_info    0x0001b408      0xb2e ./simplicity_sdk_2024.6.2/platform/service/clock_manager/src/sl_clock_manager.o
 .debug_info    0x0001bf36     0x21f0 ./simplicity_sdk_2024.6.2/platform/service/clock_manager/src/sl_clock_manager_hal_s2.o
 .debug_info    0x0001e126       0xc9 ./simplicity_sdk_2024.6.2/platform/service/clock_manager/src/sl_clock_manager_init.o
 .debug_info    0x0001e1ef     0x1876 ./simplicity_sdk_2024.6.2/platform/service/clock_manager/src/sl_clock_manager_init_hal_s2.o
 .debug_info    0x0001fa65      0x89c ./simplicity_sdk_2024.6.2/platform/service/device_init/src/sl_device_init_emu_s2.o
 .debug_info    0x00020301      0xbe4 ./simplicity_sdk_2024.6.2/platform/service/device_manager/src/sl_device_clock.o
 .debug_info    0x00020ee5      0xe94 ./simplicity_sdk_2024.6.2/platform/service/interrupt_manager/src/sl_interrupt_manager_cortexm.o
 .debug_info    0x00021d79      0x1e8 ./simplicity_sdk_2024.6.2/platform/service/memory_manager/src/sl_memory_manager_region.o
 .debug_info    0x00021f61       0xa7 ./simplicity_sdk_2024.6.2/platform/service/system/src/sl_system_init.o

.debug_abbrev   0x00000000     0x3c46
 .debug_abbrev  0x00000000       0x4a ./app.o
 .debug_abbrev  0x0000004a      0x359 ./main.o
 .debug_abbrev  0x000003a3       0x87 ./autogen/sl_board_default_init.o
 .debug_abbrev  0x0000042a      0x23f ./autogen/sl_event_handler.o
 .debug_abbrev  0x00000669      0x198 ./simplicity_sdk_2024.6.2/hardware/board/src/sl_board_control_gpio.o
 .debug_abbrev  0x00000801       0xed ./simplicity_sdk_2024.6.2/hardware/board/src/sl_board_init.o
 .debug_abbrev  0x000008ee      0x20f ./simplicity_sdk_2024.6.2/hardware/driver/configuration_over_swo/src/sl_cos.o
 .debug_abbrev  0x00000afd      0x287 ./simplicity_sdk_2024.6.2/platform/Device/SiliconLabs/EFR32MG21/Source/startup_efr32mg21.o
 .debug_abbrev  0x00000d84      0x30d ./simplicity_sdk_2024.6.2/platform/Device/SiliconLabs/EFR32MG21/Source/system_efr32mg21.o
 .debug_abbrev  0x00001091       0x6c ./simplicity_sdk_2024.6.2/platform/common/src/sl_assert.o
 .debug_abbrev  0x000010fd      0x253 ./simplicity_sdk_2024.6.2/platform/common/src/sl_core_cortexm.o
 .debug_abbrev  0x00001350      0x143 ./simplicity_sdk_2024.6.2/platform/common/src/sl_syscalls.o
 .debug_abbrev  0x00001493      0x335 ./simplicity_sdk_2024.6.2/platform/driver/debug/src/sl_debug_swo.o
 .debug_abbrev  0x000017c8      0x53f ./simplicity_sdk_2024.6.2/platform/emlib/src/em_cmu.o
 .debug_abbrev  0x00001d07      0x337 ./simplicity_sdk_2024.6.2/platform/emlib/src/em_emu.o
 .debug_abbrev  0x0000203e      0x334 ./simplicity_sdk_2024.6.2/platform/emlib/src/em_gpio.o
 .debug_abbrev  0x00002372      0x3a4 ./simplicity_sdk_2024.6.2/platform/emlib/src/em_ldma.o
 .debug_abbrev  0x00002716      0x2aa ./simplicity_sdk_2024.6.2/platform/emlib/src/em_system.o
 .debug_abbrev  0x000029c0      0x33a ./simplicity_sdk_2024.6.2/platform/emlib/src/em_usart.o
 .debug_abbrev  0x00002cfa      0x1ba ./simplicity_sdk_2024.6.2/platform/service/clock_manager/src/sl_clock_manager.o
 .debug_abbrev  0x00002eb4      0x3ec ./simplicity_sdk_2024.6.2/platform/service/clock_manager/src/sl_clock_manager_hal_s2.o
 .debug_abbrev  0x000032a0       0x89 ./simplicity_sdk_2024.6.2/platform/service/clock_manager/src/sl_clock_manager_init.o
 .debug_abbrev  0x00003329      0x29a ./simplicity_sdk_2024.6.2/platform/service/clock_manager/src/sl_clock_manager_init_hal_s2.o
 .debug_abbrev  0x000035c3      0x14b ./simplicity_sdk_2024.6.2/platform/service/device_init/src/sl_device_init_emu_s2.o
 .debug_abbrev  0x0000370e       0x69 ./simplicity_sdk_2024.6.2/platform/service/device_manager/src/sl_device_clock.o
 .debug_abbrev  0x00003777      0x355 ./simplicity_sdk_2024.6.2/platform/service/interrupt_manager/src/sl_interrupt_manager_cortexm.o
 .debug_abbrev  0x00003acc      0x11e ./simplicity_sdk_2024.6.2/platform/service/memory_manager/src/sl_memory_manager_region.o
 .debug_abbrev  0x00003bea       0x5c ./simplicity_sdk_2024.6.2/platform/service/system/src/sl_system_init.o

.debug_aranges  0x00000000      0xb80
 .debug_aranges
                0x00000000       0x28 ./app.o
 .debug_aranges
                0x00000028       0x48 ./main.o
 .debug_aranges
                0x00000070       0x20 ./autogen/sl_board_default_init.o
 .debug_aranges
                0x00000090       0x60 ./autogen/sl_event_handler.o
 .debug_aranges
                0x000000f0       0x70 ./simplicity_sdk_2024.6.2/hardware/board/src/sl_board_control_gpio.o
 .debug_aranges
                0x00000160       0x28 ./simplicity_sdk_2024.6.2/hardware/board/src/sl_board_init.o
 .debug_aranges
                0x00000188       0x38 ./simplicity_sdk_2024.6.2/hardware/driver/configuration_over_swo/src/sl_cos.o
 .debug_aranges
                0x000001c0       0x38 ./simplicity_sdk_2024.6.2/platform/Device/SiliconLabs/EFR32MG21/Source/startup_efr32mg21.o
 .debug_aranges
                0x000001f8       0x90 ./simplicity_sdk_2024.6.2/platform/Device/SiliconLabs/EFR32MG21/Source/system_efr32mg21.o
 .debug_aranges
                0x00000288       0x20 ./simplicity_sdk_2024.6.2/platform/common/src/sl_assert.o
 .debug_aranges
                0x000002a8       0x98 ./simplicity_sdk_2024.6.2/platform/common/src/sl_core_cortexm.o
 .debug_aranges
                0x00000340       0x68 ./simplicity_sdk_2024.6.2/platform/common/src/sl_syscalls.o
 .debug_aranges
                0x000003a8       0x48 ./simplicity_sdk_2024.6.2/platform/driver/debug/src/sl_debug_swo.o
 .debug_aranges
                0x000003f0      0x1b8 ./simplicity_sdk_2024.6.2/platform/emlib/src/em_cmu.o
 .debug_aranges
                0x000005a8       0xc0 ./simplicity_sdk_2024.6.2/platform/emlib/src/em_emu.o
 .debug_aranges
                0x00000668       0x68 ./simplicity_sdk_2024.6.2/platform/emlib/src/em_gpio.o
 .debug_aranges
                0x000006d0       0x50 ./simplicity_sdk_2024.6.2/platform/emlib/src/em_ldma.o
 .debug_aranges
                0x00000720       0x78 ./simplicity_sdk_2024.6.2/platform/emlib/src/em_system.o
 .debug_aranges
                0x00000798       0xc0 ./simplicity_sdk_2024.6.2/platform/emlib/src/em_usart.o
 .debug_aranges
                0x00000858       0xe8 ./simplicity_sdk_2024.6.2/platform/service/clock_manager/src/sl_clock_manager.o
 .debug_aranges
                0x00000940       0xd8 ./simplicity_sdk_2024.6.2/platform/service/clock_manager/src/sl_clock_manager_hal_s2.o
 .debug_aranges
                0x00000a18       0x20 ./simplicity_sdk_2024.6.2/platform/service/clock_manager/src/sl_clock_manager_init.o
 .debug_aranges
                0x00000a38       0x20 ./simplicity_sdk_2024.6.2/platform/service/clock_manager/src/sl_clock_manager_init_hal_s2.o
 .debug_aranges
                0x00000a58       0x20 ./simplicity_sdk_2024.6.2/platform/service/device_init/src/sl_device_init_emu_s2.o
 .debug_aranges
                0x00000a78       0x18 ./simplicity_sdk_2024.6.2/platform/service/device_manager/src/sl_device_clock.o
 .debug_aranges
                0x00000a90       0xa0 ./simplicity_sdk_2024.6.2/platform/service/interrupt_manager/src/sl_interrupt_manager_cortexm.o
 .debug_aranges
                0x00000b30       0x30 ./simplicity_sdk_2024.6.2/platform/service/memory_manager/src/sl_memory_manager_region.o
 .debug_aranges
                0x00000b60       0x20 ./simplicity_sdk_2024.6.2/platform/service/system/src/sl_system_init.o

.debug_ranges   0x00000000      0xe60
 .debug_ranges  0x00000000       0x18 ./app.o
 .debug_ranges  0x00000018       0xc0 ./main.o
 .debug_ranges  0x000000d8       0x10 ./autogen/sl_board_default_init.o
 .debug_ranges  0x000000e8       0x50 ./autogen/sl_event_handler.o
 .debug_ranges  0x00000138       0x60 ./simplicity_sdk_2024.6.2/hardware/board/src/sl_board_control_gpio.o
 .debug_ranges  0x00000198       0x18 ./simplicity_sdk_2024.6.2/hardware/board/src/sl_board_init.o
 .debug_ranges  0x000001b0       0x40 ./simplicity_sdk_2024.6.2/hardware/driver/configuration_over_swo/src/sl_cos.o
 .debug_ranges  0x000001f0       0x90 ./simplicity_sdk_2024.6.2/platform/Device/SiliconLabs/EFR32MG21/Source/startup_efr32mg21.o
 .debug_ranges  0x00000280       0x80 ./simplicity_sdk_2024.6.2/platform/Device/SiliconLabs/EFR32MG21/Source/system_efr32mg21.o
 .debug_ranges  0x00000300       0x10 ./simplicity_sdk_2024.6.2/platform/common/src/sl_assert.o
 .debug_ranges  0x00000310       0x88 ./simplicity_sdk_2024.6.2/platform/common/src/sl_core_cortexm.o
 .debug_ranges  0x00000398       0x58 ./simplicity_sdk_2024.6.2/platform/common/src/sl_syscalls.o
 .debug_ranges  0x000003f0       0x50 ./simplicity_sdk_2024.6.2/platform/driver/debug/src/sl_debug_swo.o
 .debug_ranges  0x00000440      0x330 ./simplicity_sdk_2024.6.2/platform/emlib/src/em_cmu.o
 .debug_ranges  0x00000770      0x130 ./simplicity_sdk_2024.6.2/platform/emlib/src/em_emu.o
 .debug_ranges  0x000008a0       0x70 ./simplicity_sdk_2024.6.2/platform/emlib/src/em_gpio.o
 .debug_ranges  0x00000910       0x70 ./simplicity_sdk_2024.6.2/platform/emlib/src/em_ldma.o
 .debug_ranges  0x00000980       0x80 ./simplicity_sdk_2024.6.2/platform/emlib/src/em_system.o
 .debug_ranges  0x00000a00       0xd0 ./simplicity_sdk_2024.6.2/platform/emlib/src/em_usart.o
 .debug_ranges  0x00000ad0       0xd8 ./simplicity_sdk_2024.6.2/platform/service/clock_manager/src/sl_clock_manager.o
 .debug_ranges  0x00000ba8       0xe8 ./simplicity_sdk_2024.6.2/platform/service/clock_manager/src/sl_clock_manager_hal_s2.o
 .debug_ranges  0x00000c90       0x10 ./simplicity_sdk_2024.6.2/platform/service/clock_manager/src/sl_clock_manager_init.o
 .debug_ranges  0x00000ca0       0x88 ./simplicity_sdk_2024.6.2/platform/service/clock_manager/src/sl_clock_manager_init_hal_s2.o
 .debug_ranges  0x00000d28       0x10 ./simplicity_sdk_2024.6.2/platform/service/device_init/src/sl_device_init_emu_s2.o
 .debug_ranges  0x00000d38       0xf8 ./simplicity_sdk_2024.6.2/platform/service/interrupt_manager/src/sl_interrupt_manager_cortexm.o
 .debug_ranges  0x00000e30       0x20 ./simplicity_sdk_2024.6.2/platform/service/memory_manager/src/sl_memory_manager_region.o
 .debug_ranges  0x00000e50       0x10 ./simplicity_sdk_2024.6.2/platform/service/system/src/sl_system_init.o

.debug_line     0x00000000     0xad21
 .debug_line    0x00000000       0x4c ./app.o
 .debug_line    0x0000004c      0x6a1 ./main.o
 .debug_line    0x000006ed      0x210 ./autogen/sl_board_default_init.o
 .debug_line    0x000008fd      0x699 ./autogen/sl_event_handler.o
 .debug_line    0x00000f96      0x46c ./simplicity_sdk_2024.6.2/hardware/board/src/sl_board_control_gpio.o
 .debug_line    0x00001402      0x2e8 ./simplicity_sdk_2024.6.2/hardware/board/src/sl_board_init.o
 .debug_line    0x000016ea      0x4cf ./simplicity_sdk_2024.6.2/hardware/driver/configuration_over_swo/src/sl_cos.o
 .debug_line    0x00001bb9      0x36a ./simplicity_sdk_2024.6.2/platform/Device/SiliconLabs/EFR32MG21/Source/startup_efr32mg21.o
 .debug_line    0x00001f23      0x632 ./simplicity_sdk_2024.6.2/platform/Device/SiliconLabs/EFR32MG21/Source/system_efr32mg21.o
 .debug_line    0x00002555       0xa9 ./simplicity_sdk_2024.6.2/platform/common/src/sl_assert.o
 .debug_line    0x000025fe      0x560 ./simplicity_sdk_2024.6.2/platform/common/src/sl_core_cortexm.o
 .debug_line    0x00002b5e      0x1a9 ./simplicity_sdk_2024.6.2/platform/common/src/sl_syscalls.o
 .debug_line    0x00002d07      0x71a ./simplicity_sdk_2024.6.2/platform/driver/debug/src/sl_debug_swo.o
 .debug_line    0x00003421     0x27c8 ./simplicity_sdk_2024.6.2/platform/emlib/src/em_cmu.o
 .debug_line    0x00005be9      0x77d ./simplicity_sdk_2024.6.2/platform/emlib/src/em_emu.o
 .debug_line    0x00006366      0x6b3 ./simplicity_sdk_2024.6.2/platform/emlib/src/em_gpio.o
 .debug_line    0x00006a19      0x701 ./simplicity_sdk_2024.6.2/platform/emlib/src/em_ldma.o
 .debug_line    0x0000711a      0x4a3 ./simplicity_sdk_2024.6.2/platform/emlib/src/em_system.o
 .debug_line    0x000075bd      0xd28 ./simplicity_sdk_2024.6.2/platform/emlib/src/em_usart.o
 .debug_line    0x000082e5      0x611 ./simplicity_sdk_2024.6.2/platform/service/clock_manager/src/sl_clock_manager.o
 .debug_line    0x000088f6      0xbcb ./simplicity_sdk_2024.6.2/platform/service/clock_manager/src/sl_clock_manager_hal_s2.o
 .debug_line    0x000094c1      0x223 ./simplicity_sdk_2024.6.2/platform/service/clock_manager/src/sl_clock_manager_init.o
 .debug_line    0x000096e4      0x4f6 ./simplicity_sdk_2024.6.2/platform/service/clock_manager/src/sl_clock_manager_init_hal_s2.o
 .debug_line    0x00009bda      0x2f2 ./simplicity_sdk_2024.6.2/platform/service/device_init/src/sl_device_init_emu_s2.o
 .debug_line    0x00009ecc      0x1fc ./simplicity_sdk_2024.6.2/platform/service/device_manager/src/sl_device_clock.o
 .debug_line    0x0000a0c8      0x83a ./simplicity_sdk_2024.6.2/platform/service/interrupt_manager/src/sl_interrupt_manager_cortexm.o
 .debug_line    0x0000a902      0x329 ./simplicity_sdk_2024.6.2/platform/service/memory_manager/src/sl_memory_manager_region.o
 .debug_line    0x0000ac2b       0xf6 ./simplicity_sdk_2024.6.2/platform/service/system/src/sl_system_init.o

.debug_str      0x00000000     0xb3f6
 .debug_str     0x00000000      0x13c ./app.o
                                0x158 (size before relaxing)
 .debug_str     0x0000013c     0x22ea ./main.o
                               0x260e (size before relaxing)
 .debug_str     0x00002426       0x5b ./autogen/sl_board_default_init.o
                                0x226 (size before relaxing)
 .debug_str     0x00002481      0x7c5 ./autogen/sl_event_handler.o
                                0xc87 (size before relaxing)
 .debug_str     0x00002c46      0x2aa ./simplicity_sdk_2024.6.2/hardware/board/src/sl_board_control_gpio.o
                                0x6e8 (size before relaxing)
 .debug_str     0x00002ef0       0xa3 ./simplicity_sdk_2024.6.2/hardware/board/src/sl_board_init.o
                                0x2c0 (size before relaxing)
 .debug_str     0x00002f93      0x1d2 ./simplicity_sdk_2024.6.2/hardware/driver/configuration_over_swo/src/sl_cos.o
                                0x41a (size before relaxing)
 .debug_str     0x00003165      0x1c5 ./simplicity_sdk_2024.6.2/platform/Device/SiliconLabs/EFR32MG21/Source/startup_efr32mg21.o
                                0x39c (size before relaxing)
 .debug_str     0x0000332a      0x9f7 ./simplicity_sdk_2024.6.2/platform/Device/SiliconLabs/EFR32MG21/Source/system_efr32mg21.o
                               0x143b (size before relaxing)
 .debug_str     0x00003d21       0x61 ./simplicity_sdk_2024.6.2/platform/common/src/sl_assert.o
                                0x1a3 (size before relaxing)
 .debug_str     0x00003d82      0x240 ./simplicity_sdk_2024.6.2/platform/common/src/sl_core_cortexm.o
                                0x548 (size before relaxing)
 .debug_str     0x00003fc2       0xaf ./simplicity_sdk_2024.6.2/platform/common/src/sl_syscalls.o
                                0x283 (size before relaxing)
 .debug_str     0x00004071      0x6ff ./simplicity_sdk_2024.6.2/platform/driver/debug/src/sl_debug_swo.o
                               0x1623 (size before relaxing)
 .debug_str     0x00004770     0x1a2c ./simplicity_sdk_2024.6.2/platform/emlib/src/em_cmu.o
                               0x30e6 (size before relaxing)
 .debug_str     0x0000619c      0x528 ./simplicity_sdk_2024.6.2/platform/emlib/src/em_emu.o
                               0x1618 (size before relaxing)
 .debug_str     0x000066c4      0x125 ./simplicity_sdk_2024.6.2/platform/emlib/src/em_gpio.o
                               0x1244 (size before relaxing)
 .debug_str     0x000067e9      0x1d7 ./simplicity_sdk_2024.6.2/platform/emlib/src/em_ldma.o
                               0x11d3 (size before relaxing)
 .debug_str     0x000069c0      0x317 ./simplicity_sdk_2024.6.2/platform/emlib/src/em_system.o
                                0xcc1 (size before relaxing)
 .debug_str     0x00006cd7     0x2111 ./simplicity_sdk_2024.6.2/platform/emlib/src/em_usart.o
                               0x385f (size before relaxing)
 .debug_str     0x00008de8      0x92b ./simplicity_sdk_2024.6.2/platform/service/clock_manager/src/sl_clock_manager.o
                                0xc14 (size before relaxing)
 .debug_str     0x00009713      0x591 ./simplicity_sdk_2024.6.2/platform/service/clock_manager/src/sl_clock_manager_hal_s2.o
                               0x208c (size before relaxing)
 .debug_str     0x00009ca4       0x8d ./simplicity_sdk_2024.6.2/platform/service/clock_manager/src/sl_clock_manager_init.o
                                0x27a (size before relaxing)
 .debug_str     0x00009d31      0x74f ./simplicity_sdk_2024.6.2/platform/service/clock_manager/src/sl_clock_manager_init_hal_s2.o
                               0x1a57 (size before relaxing)
 .debug_str     0x0000a480       0x79 ./simplicity_sdk_2024.6.2/platform/service/device_init/src/sl_device_init_emu_s2.o
                                0x759 (size before relaxing)
 .debug_str     0x0000a4f9      0xae4 ./simplicity_sdk_2024.6.2/platform/service/device_manager/src/sl_device_clock.o
                                0xcc7 (size before relaxing)
 .debug_str     0x0000afdd      0x2b2 ./simplicity_sdk_2024.6.2/platform/service/interrupt_manager/src/sl_interrupt_manager_cortexm.o
                                0xa81 (size before relaxing)
 .debug_str     0x0000b28f      0x103 ./simplicity_sdk_2024.6.2/platform/service/memory_manager/src/sl_memory_manager_region.o
                                0x2f6 (size before relaxing)
 .debug_str     0x0000b392       0x64 ./simplicity_sdk_2024.6.2/platform/service/system/src/sl_system_init.o
                                0x1f9 (size before relaxing)

.debug_frame    0x00000000     0x1f8c
 .debug_frame   0x00000000       0x30 ./app.o
 .debug_frame   0x00000030       0xc4 ./main.o
 .debug_frame   0x000000f4       0x20 ./autogen/sl_board_default_init.o
 .debug_frame   0x00000114       0xbc ./autogen/sl_event_handler.o
 .debug_frame   0x000001d0      0x100 ./simplicity_sdk_2024.6.2/hardware/board/src/sl_board_control_gpio.o
 .debug_frame   0x000002d0       0x3c ./simplicity_sdk_2024.6.2/hardware/board/src/sl_board_init.o
 .debug_frame   0x0000030c       0x84 ./simplicity_sdk_2024.6.2/hardware/driver/configuration_over_swo/src/sl_cos.o
 .debug_frame   0x00000390       0x64 ./simplicity_sdk_2024.6.2/platform/Device/SiliconLabs/EFR32MG21/Source/startup_efr32mg21.o
 .debug_frame   0x000003f4      0x114 ./simplicity_sdk_2024.6.2/platform/Device/SiliconLabs/EFR32MG21/Source/system_efr32mg21.o
 .debug_frame   0x00000508       0x20 ./simplicity_sdk_2024.6.2/platform/common/src/sl_assert.o
 .debug_frame   0x00000528      0x110 ./simplicity_sdk_2024.6.2/platform/common/src/sl_core_cortexm.o
 .debug_frame   0x00000638       0xb0 ./simplicity_sdk_2024.6.2/platform/common/src/sl_syscalls.o
 .debug_frame   0x000006e8       0xa0 ./simplicity_sdk_2024.6.2/platform/driver/debug/src/sl_debug_swo.o
 .debug_frame   0x00000788      0x54c ./simplicity_sdk_2024.6.2/platform/emlib/src/em_cmu.o
 .debug_frame   0x00000cd4      0x194 ./simplicity_sdk_2024.6.2/platform/emlib/src/em_emu.o
 .debug_frame   0x00000e68      0x168 ./simplicity_sdk_2024.6.2/platform/emlib/src/em_gpio.o
 .debug_frame   0x00000fd0       0xe0 ./simplicity_sdk_2024.6.2/platform/emlib/src/em_ldma.o
 .debug_frame   0x000010b0       0xd8 ./simplicity_sdk_2024.6.2/platform/emlib/src/em_system.o
 .debug_frame   0x00001188      0x1fc ./simplicity_sdk_2024.6.2/platform/emlib/src/em_usart.o
 .debug_frame   0x00001384      0x1b0 ./simplicity_sdk_2024.6.2/platform/service/clock_manager/src/sl_clock_manager.o
 .debug_frame   0x00001534      0x24c ./simplicity_sdk_2024.6.2/platform/service/clock_manager/src/sl_clock_manager_hal_s2.o
 .debug_frame   0x00001780       0x20 ./simplicity_sdk_2024.6.2/platform/service/clock_manager/src/sl_clock_manager_init.o
 .debug_frame   0x000017a0       0x34 ./simplicity_sdk_2024.6.2/platform/service/clock_manager/src/sl_clock_manager_init_hal_s2.o
 .debug_frame   0x000017d4       0x2c ./simplicity_sdk_2024.6.2/platform/service/device_init/src/sl_device_init_emu_s2.o
 .debug_frame   0x00001800      0x160 ./simplicity_sdk_2024.6.2/platform/service/interrupt_manager/src/sl_interrupt_manager_cortexm.o
 .debug_frame   0x00001960       0x40 ./simplicity_sdk_2024.6.2/platform/service/memory_manager/src/sl_memory_manager_region.o
 .debug_frame   0x000019a0       0x2c ./simplicity_sdk_2024.6.2/platform/service/system/src/sl_system_init.o
 .debug_frame   0x000019cc       0x28 c:/siliconlabs/simplicitystudio/v5_2/developer/toolchains/gnu_arm/12.2.rel1_2023.7/bin/../lib/gcc/arm-none-eabi/12.2.1/thumb/v8-m.main+fp/hard\libc_nano.a(libc_a-exit.o)
 .debug_frame   0x000019f4      0x144 c:/siliconlabs/simplicitystudio/v5_2/developer/toolchains/gnu_arm/12.2.rel1_2023.7/bin/../lib/gcc/arm-none-eabi/12.2.1/thumb/v8-m.main+fp/hard\libc_nano.a(libc_a-findfp.o)
 .debug_frame   0x00001b38       0x7c c:/siliconlabs/simplicitystudio/v5_2/developer/toolchains/gnu_arm/12.2.rel1_2023.7/bin/../lib/gcc/arm-none-eabi/12.2.1/thumb/v8-m.main+fp/hard\libc_nano.a(libc_a-snprintf.o)
 .debug_frame   0x00001bb4       0x20 c:/siliconlabs/simplicitystudio/v5_2/developer/toolchains/gnu_arm/12.2.rel1_2023.7/bin/../lib/gcc/arm-none-eabi/12.2.1/thumb/v8-m.main+fp/hard\libc_nano.a(libc_a-memset.o)
 .debug_frame   0x00001bd4       0x38 c:/siliconlabs/simplicitystudio/v5_2/developer/toolchains/gnu_arm/12.2.rel1_2023.7/bin/../lib/gcc/arm-none-eabi/12.2.1/thumb/v8-m.main+fp/hard\libc_nano.a(libc_a-reent.o)
 .debug_frame   0x00001c0c       0x2c c:/siliconlabs/simplicitystudio/v5_2/developer/toolchains/gnu_arm/12.2.rel1_2023.7/bin/../lib/gcc/arm-none-eabi/12.2.1/thumb/v8-m.main+fp/hard\libc_nano.a(libc_a-init.o)
 .debug_frame   0x00001c38       0xb0 c:/siliconlabs/simplicitystudio/v5_2/developer/toolchains/gnu_arm/12.2.rel1_2023.7/bin/../lib/gcc/arm-none-eabi/12.2.1/thumb/v8-m.main+fp/hard\libc_nano.a(libc_a-lock.o)
 .debug_frame   0x00001ce8       0x38 c:/siliconlabs/simplicitystudio/v5_2/developer/toolchains/gnu_arm/12.2.rel1_2023.7/bin/../lib/gcc/arm-none-eabi/12.2.1/thumb/v8-m.main+fp/hard\libc_nano.a(libc_a-freer.o)
 .debug_frame   0x00001d20       0x4c c:/siliconlabs/simplicitystudio/v5_2/developer/toolchains/gnu_arm/12.2.rel1_2023.7/bin/../lib/gcc/arm-none-eabi/12.2.1/thumb/v8-m.main+fp/hard\libc_nano.a(libc_a-mallocr.o)
 .debug_frame   0x00001d6c       0x30 c:/siliconlabs/simplicitystudio/v5_2/developer/toolchains/gnu_arm/12.2.rel1_2023.7/bin/../lib/gcc/arm-none-eabi/12.2.1/thumb/v8-m.main+fp/hard\libc_nano.a(libc_a-mlock.o)
 .debug_frame   0x00001d9c       0x90 c:/siliconlabs/simplicitystudio/v5_2/developer/toolchains/gnu_arm/12.2.rel1_2023.7/bin/../lib/gcc/arm-none-eabi/12.2.1/thumb/v8-m.main+fp/hard\libc_nano.a(libc_a-nano-svfprintf.o)
 .debug_frame   0x00001e2c       0x60 c:/siliconlabs/simplicitystudio/v5_2/developer/toolchains/gnu_arm/12.2.rel1_2023.7/bin/../lib/gcc/arm-none-eabi/12.2.1/thumb/v8-m.main+fp/hard\libc_nano.a(libc_a-nano-vfprintf_i.o)
 .debug_frame   0x00001e8c       0x28 c:/siliconlabs/simplicitystudio/v5_2/developer/toolchains/gnu_arm/12.2.rel1_2023.7/bin/../lib/gcc/arm-none-eabi/12.2.1/thumb/v8-m.main+fp/hard\libc_nano.a(libc_a-memmove.o)
 .debug_frame   0x00001eb4       0x2c c:/siliconlabs/simplicitystudio/v5_2/developer/toolchains/gnu_arm/12.2.rel1_2023.7/bin/../lib/gcc/arm-none-eabi/12.2.1/thumb/v8-m.main+fp/hard\libc_nano.a(libc_a-sbrkr.o)
 .debug_frame   0x00001ee0       0x28 c:/siliconlabs/simplicitystudio/v5_2/developer/toolchains/gnu_arm/12.2.rel1_2023.7/bin/../lib/gcc/arm-none-eabi/12.2.1/thumb/v8-m.main+fp/hard\libc_nano.a(libc_a-memchr-stub.o)
 .debug_frame   0x00001f08       0x28 c:/siliconlabs/simplicitystudio/v5_2/developer/toolchains/gnu_arm/12.2.rel1_2023.7/bin/../lib/gcc/arm-none-eabi/12.2.1/thumb/v8-m.main+fp/hard\libc_nano.a(libc_a-memcpy-stub.o)
 .debug_frame   0x00001f30       0x3c c:/siliconlabs/simplicitystudio/v5_2/developer/toolchains/gnu_arm/12.2.rel1_2023.7/bin/../lib/gcc/arm-none-eabi/12.2.1/thumb/v8-m.main+fp/hard\libc_nano.a(libc_a-reallocr.o)
 .debug_frame   0x00001f6c       0x20 c:/siliconlabs/simplicitystudio/v5_2/developer/toolchains/gnu_arm/12.2.rel1_2023.7/bin/../lib/gcc/arm-none-eabi/12.2.1/thumb/v8-m.main+fp/hard\libc_nano.a(libc_a-msizer.o)

.debug_loc      0x00000000     0x8579
 .debug_loc     0x00000000      0x34b ./main.o
 .debug_loc     0x0000034b      0x152 ./autogen/sl_event_handler.o
 .debug_loc     0x0000049d      0x24a ./simplicity_sdk_2024.6.2/hardware/board/src/sl_board_control_gpio.o
 .debug_loc     0x000006e7       0x2c ./simplicity_sdk_2024.6.2/hardware/board/src/sl_board_init.o
 .debug_loc     0x00000713      0x31e ./simplicity_sdk_2024.6.2/hardware/driver/configuration_over_swo/src/sl_cos.o
 .debug_loc     0x00000a31      0x18c ./simplicity_sdk_2024.6.2/platform/Device/SiliconLabs/EFR32MG21/Source/startup_efr32mg21.o
 .debug_loc     0x00000bbd      0x17b ./simplicity_sdk_2024.6.2/platform/Device/SiliconLabs/EFR32MG21/Source/system_efr32mg21.o
 .debug_loc     0x00000d38       0x2a ./simplicity_sdk_2024.6.2/platform/common/src/sl_assert.o
 .debug_loc     0x00000d62      0x141 ./simplicity_sdk_2024.6.2/platform/common/src/sl_core_cortexm.o
 .debug_loc     0x00000ea3      0x118 ./simplicity_sdk_2024.6.2/platform/common/src/sl_syscalls.o
 .debug_loc     0x00000fbb      0x229 ./simplicity_sdk_2024.6.2/platform/driver/debug/src/sl_debug_swo.o
 .debug_loc     0x000011e4     0x3936 ./simplicity_sdk_2024.6.2/platform/emlib/src/em_cmu.o
 .debug_loc     0x00004b1a      0x348 ./simplicity_sdk_2024.6.2/platform/emlib/src/em_emu.o
 .debug_loc     0x00004e62      0x8b9 ./simplicity_sdk_2024.6.2/platform/emlib/src/em_gpio.o
 .debug_loc     0x0000571b      0x58f ./simplicity_sdk_2024.6.2/platform/emlib/src/em_ldma.o
 .debug_loc     0x00005caa      0x160 ./simplicity_sdk_2024.6.2/platform/emlib/src/em_system.o
 .debug_loc     0x00005e0a      0xa32 ./simplicity_sdk_2024.6.2/platform/emlib/src/em_usart.o
 .debug_loc     0x0000683c      0x603 ./simplicity_sdk_2024.6.2/platform/service/clock_manager/src/sl_clock_manager.o
 .debug_loc     0x00006e3f     0x10e9 ./simplicity_sdk_2024.6.2/platform/service/clock_manager/src/sl_clock_manager_hal_s2.o
 .debug_loc     0x00007f28       0xda ./simplicity_sdk_2024.6.2/platform/service/clock_manager/src/sl_clock_manager_init_hal_s2.o
 .debug_loc     0x00008002       0x2c ./simplicity_sdk_2024.6.2/platform/service/device_init/src/sl_device_init_emu_s2.o
 .debug_loc     0x0000802e      0x476 ./simplicity_sdk_2024.6.2/platform/service/interrupt_manager/src/sl_interrupt_manager_cortexm.o
 .debug_loc     0x000084a4       0xa9 ./simplicity_sdk_2024.6.2/platform/service/memory_manager/src/sl_memory_manager_region.o
 .debug_loc     0x0000854d       0x2c ./simplicity_sdk_2024.6.2/platform/service/system/src/sl_system_init.o
